Component: ARM Compiler 5.06 update 6 (build 750) Tool: armlink [4d35ed]

==============================================================================

Section Cross References

    main.o(i.main) refers to time_service.o(i._ZN12time_service4initEv) for time_service::init()
    main.o(i.main) refers to time_service.o(i._ZN12time_service9startTimeEv) for time_service::startTime()
    main.o(.ARM.exidx) refers to main.o(i.main) for i.main
    misc.o(i.NVIC_Init) refers to retarget.o(i.assert_failed) for assert_failed
    misc.o(i.NVIC_PriorityGroupConfig) refers to retarget.o(i.assert_failed) for assert_failed
    misc.o(i.NVIC_SetVectorTable) refers to retarget.o(i.assert_failed) for assert_failed
    misc.o(i.NVIC_SystemLPConfig) refers to retarget.o(i.assert_failed) for assert_failed
    misc.o(i.SysTick_CLKSourceConfig) refers to retarget.o(i.assert_failed) for assert_failed
    stm32f4xx_adc.o(i.ADC_AnalogWatchdogCmd) refers to retarget.o(i.assert_failed) for assert_failed
    stm32f4xx_adc.o(i.ADC_AnalogWatchdogSingleChannelConfig) refers to retarget.o(i.assert_failed) for assert_failed
    stm32f4xx_adc.o(i.ADC_AnalogWatchdogThresholdsConfig) refers to retarget.o(i.assert_failed) for assert_failed
    stm32f4xx_adc.o(i.ADC_AutoInjectedConvCmd) refers to retarget.o(i.assert_failed) for assert_failed
    stm32f4xx_adc.o(i.ADC_ClearFlag) refers to retarget.o(i.assert_failed) for assert_failed
    stm32f4xx_adc.o(i.ADC_ClearITPendingBit) refers to retarget.o(i.assert_failed) for assert_failed
    stm32f4xx_adc.o(i.ADC_Cmd) refers to retarget.o(i.assert_failed) for assert_failed
    stm32f4xx_adc.o(i.ADC_CommonInit) refers to retarget.o(i.assert_failed) for assert_failed
    stm32f4xx_adc.o(i.ADC_ContinuousModeCmd) refers to retarget.o(i.assert_failed) for assert_failed
    stm32f4xx_adc.o(i.ADC_DMACmd) refers to retarget.o(i.assert_failed) for assert_failed
    stm32f4xx_adc.o(i.ADC_DMARequestAfterLastTransferCmd) refers to retarget.o(i.assert_failed) for assert_failed
    stm32f4xx_adc.o(i.ADC_DeInit) refers to stm32f4xx_rcc.o(i.RCC_APB2PeriphResetCmd) for RCC_APB2PeriphResetCmd
    stm32f4xx_adc.o(i.ADC_DiscModeChannelCountConfig) refers to retarget.o(i.assert_failed) for assert_failed
    stm32f4xx_adc.o(i.ADC_DiscModeCmd) refers to retarget.o(i.assert_failed) for assert_failed
    stm32f4xx_adc.o(i.ADC_EOCOnEachRegularChannelCmd) refers to retarget.o(i.assert_failed) for assert_failed
    stm32f4xx_adc.o(i.ADC_ExternalTrigInjectedConvConfig) refers to retarget.o(i.assert_failed) for assert_failed
    stm32f4xx_adc.o(i.ADC_ExternalTrigInjectedConvEdgeConfig) refers to retarget.o(i.assert_failed) for assert_failed
    stm32f4xx_adc.o(i.ADC_GetConversionValue) refers to retarget.o(i.assert_failed) for assert_failed
    stm32f4xx_adc.o(i.ADC_GetFlagStatus) refers to retarget.o(i.assert_failed) for assert_failed
    stm32f4xx_adc.o(i.ADC_GetITStatus) refers to retarget.o(i.assert_failed) for assert_failed
    stm32f4xx_adc.o(i.ADC_GetInjectedConversionValue) refers to retarget.o(i.assert_failed) for assert_failed
    stm32f4xx_adc.o(i.ADC_GetSoftwareStartConvStatus) refers to retarget.o(i.assert_failed) for assert_failed
    stm32f4xx_adc.o(i.ADC_GetSoftwareStartInjectedConvCmdStatus) refers to retarget.o(i.assert_failed) for assert_failed
    stm32f4xx_adc.o(i.ADC_ITConfig) refers to retarget.o(i.assert_failed) for assert_failed
    stm32f4xx_adc.o(i.ADC_Init) refers to retarget.o(i.assert_failed) for assert_failed
    stm32f4xx_adc.o(i.ADC_InjectedChannelConfig) refers to retarget.o(i.assert_failed) for assert_failed
    stm32f4xx_adc.o(i.ADC_InjectedDiscModeCmd) refers to retarget.o(i.assert_failed) for assert_failed
    stm32f4xx_adc.o(i.ADC_InjectedSequencerLengthConfig) refers to retarget.o(i.assert_failed) for assert_failed
    stm32f4xx_adc.o(i.ADC_MultiModeDMARequestAfterLastTransferCmd) refers to retarget.o(i.assert_failed) for assert_failed
    stm32f4xx_adc.o(i.ADC_RegularChannelConfig) refers to retarget.o(i.assert_failed) for assert_failed
    stm32f4xx_adc.o(i.ADC_SetInjectedOffset) refers to retarget.o(i.assert_failed) for assert_failed
    stm32f4xx_adc.o(i.ADC_SoftwareStartConv) refers to retarget.o(i.assert_failed) for assert_failed
    stm32f4xx_adc.o(i.ADC_SoftwareStartInjectedConv) refers to retarget.o(i.assert_failed) for assert_failed
    stm32f4xx_adc.o(i.ADC_TempSensorVrefintCmd) refers to retarget.o(i.assert_failed) for assert_failed
    stm32f4xx_adc.o(i.ADC_VBATCmd) refers to retarget.o(i.assert_failed) for assert_failed
    stm32f4xx_can.o(i.CAN_CancelTransmit) refers to retarget.o(i.assert_failed) for assert_failed
    stm32f4xx_can.o(i.CAN_ClearFlag) refers to retarget.o(i.assert_failed) for assert_failed
    stm32f4xx_can.o(i.CAN_ClearITPendingBit) refers to retarget.o(i.assert_failed) for assert_failed
    stm32f4xx_can.o(i.CAN_DBGFreeze) refers to retarget.o(i.assert_failed) for assert_failed
[...]
    lib_rtti_impl.o(.constdata__ZTIN10__cxxabiv129__pointer_to_member_type_infoE) refers to lib_rtti_impl.o(.constdata__ZTIN10__cxxabiv117__pbase_type_infoE) for typeinfo for __cxxabiv1::__pbase_type_info
    lib_rtti_impl.o(i.__ARM_common_noexcept_landing) refers to arm_exceptions_callterm.o(.text) for __cxa_call_terminate
    lib_rtti_impl.o(.ARM.exidx) refers to lib_rtti_impl.o(i.__ARM_common_noexcept_landing) for i.__ARM_common_noexcept_landing
    type_info_dtor.o(.constdata__ZTVSt9type_info) refers to type_info_dtor.o(.constdata__ZTISt9type_info) for typeinfo for std::type_info
    type_info_dtor.o(.constdata__ZTVSt9type_info) refers to type_info_dtor.o(i._ZNSt9type_infoD1Ev) for std::type_info::~type_info()
    type_info_dtor.o(.constdata__ZTVSt9type_info) refers to type_info_dtor.o(i._ZNSt9type_infoD0Ev) for std::type_info::~type_info__deallocating()
    type_info_dtor.o(.constdata__ZTISt9type_info) refers to lib_rtti_impl.o(.constdata__ZTVN10__cxxabiv117__class_type_infoE) for vtable for __cxxabiv1::__class_type_info
    type_info_dtor.o(.constdata__ZTISt9type_info) refers to type_info_dtor.o(.constdata__ZTSSt9type_info) for typeinfo name for std::type_info


==============================================================================

Removing Unused input sections from the image.

    Removing main.o(.rev16_text), (4 bytes).
    Removing main.o(.revsh_text), (4 bytes).
    Removing main.o(.rrx_text), (6 bytes).
    Removing main.o(.ARM.exidx), (8 bytes).
    Removing misc.o(.rev16_text), (4 bytes).
    Removing misc.o(.revsh_text), (4 bytes).
    Removing misc.o(.rrx_text), (6 bytes).
    Removing misc.o(i.NVIC_Init), (196 bytes).
    Removing misc.o(i.NVIC_PriorityGroupConfig), (84 bytes).
    Removing misc.o(i.NVIC_SetVectorTable), (92 bytes).
    Removing misc.o(i.NVIC_SystemLPConfig), (96 bytes).
    Removing misc.o(i.SysTick_CLKSourceConfig), (84 bytes).
    Removing stm32f4xx_adc.o(.rev16_text), (4 bytes).
    Removing stm32f4xx_adc.o(.revsh_text), (4 bytes).
    Removing stm32f4xx_adc.o(.rrx_text), (6 bytes).
    Removing stm32f4xx_adc.o(i.ADC_AnalogWatchdogCmd), (156 bytes).
    Removing stm32f4xx_adc.o(i.ADC_AnalogWatchdogSingleChannelConfig), (176 bytes).
    Removing stm32f4xx_adc.o(i.ADC_AnalogWatchdogThresholdsConfig), (120 bytes).
    Removing stm32f4xx_adc.o(i.ADC_AutoInjectedConvCmd), (116 bytes).
    Removing stm32f4xx_adc.o(i.ADC_ClearFlag), (104 bytes).
    Removing stm32f4xx_adc.o(i.ADC_ClearITPendingBit), (128 bytes).
    Removing stm32f4xx_adc.o(i.ADC_Cmd), (116 bytes).
    Removing stm32f4xx_adc.o(i.ADC_CommonInit), (384 bytes).
    Removing stm32f4xx_adc.o(i.ADC_CommonStructInit), (12 bytes).
    Removing stm32f4xx_adc.o(i.ADC_ContinuousModeCmd), (116 bytes).
    Removing stm32f4xx_adc.o(i.ADC_DMACmd), (116 bytes).
    Removing stm32f4xx_adc.o(i.ADC_DMARequestAfterLastTransferCmd), (116 bytes).
    Removing stm32f4xx_adc.o(i.ADC_DeInit), (22 bytes).
    Removing stm32f4xx_adc.o(i.ADC_DiscModeChannelCountConfig), (120 bytes).
    Removing stm32f4xx_adc.o(i.ADC_DiscModeCmd), (116 bytes).
    Removing stm32f4xx_adc.o(i.ADC_EOCOnEachRegularChannelCmd), (116 bytes).
    Removing stm32f4xx_adc.o(i.ADC_ExternalTrigInjectedConvConfig), (196 bytes).
    Removing stm32f4xx_adc.o(i.ADC_ExternalTrigInjectedConvEdgeConfig), (124 bytes).
    Removing stm32f4xx_adc.o(i.ADC_GetConversionValue), (80 bytes).
    Removing stm32f4xx_adc.o(i.ADC_GetFlagStatus), (132 bytes).
    Removing stm32f4xx_adc.o(i.ADC_GetITStatus), (164 bytes).
    Removing stm32f4xx_adc.o(i.ADC_GetInjectedConversionValue), (128 bytes).
    Removing stm32f4xx_adc.o(i.ADC_GetMultiModeConversionValue), (12 bytes).
    Removing stm32f4xx_adc.o(i.ADC_GetSoftwareStartConvStatus), (96 bytes).
    Removing stm32f4xx_adc.o(i.ADC_GetSoftwareStartInjectedConvCmdStatus), (96 bytes).
    Removing stm32f4xx_adc.o(i.ADC_ITConfig), (172 bytes).
    Removing stm32f4xx_adc.o(i.ADC_Init), (452 bytes).
    Removing stm32f4xx_adc.o(i.ADC_InjectedChannelConfig), (372 bytes).
    Removing stm32f4xx_adc.o(i.ADC_InjectedDiscModeCmd), (116 bytes).
    Removing stm32f4xx_adc.o(i.ADC_InjectedSequencerLengthConfig), (120 bytes).
    Removing stm32f4xx_adc.o(i.ADC_MultiModeDMARequestAfterLastTransferCmd), (92 bytes).
    Removing stm32f4xx_adc.o(i.ADC_RegularChannelConfig), (448 bytes).
    Removing stm32f4xx_adc.o(i.ADC_SetInjectedOffset), (144 bytes).
    Removing stm32f4xx_adc.o(i.ADC_SoftwareStartConv), (84 bytes).
    Removing stm32f4xx_adc.o(i.ADC_SoftwareStartInjectedConv), (84 bytes).
    Removing stm32f4xx_adc.o(i.ADC_StructInit), (20 bytes).
    Removing stm32f4xx_adc.o(i.ADC_TempSensorVrefintCmd), (92 bytes).
    Removing stm32f4xx_adc.o(i.ADC_VBATCmd), (92 bytes).
    Removing stm32f4xx_can.o(.rev16_text), (4 bytes).
    Removing stm32f4xx_can.o(.revsh_text), (4 bytes).
    Removing stm32f4xx_can.o(.rrx_text), (6 bytes).
    Removing stm32f4xx_can.o(i.CAN_CancelTransmit), (132 bytes).
    Removing stm32f4xx_can.o(i.CAN_ClearFlag), (224 bytes).
    Removing stm32f4xx_can.o(i.CAN_ClearITPendingBit), (308 bytes).
    Removing stm32f4xx_can.o(i.CAN_DBGFreeze), (108 bytes).
    Removing stm32f4xx_can.o(i.CAN_DeInit), (108 bytes).
    Removing stm32f4xx_can.o(i.CAN_FIFORelease), (108 bytes).
    Removing stm32f4xx_can.o(i.CAN_FilterInit), (400 bytes).
    Removing stm32f4xx_can.o(i.CAN_GetFlagStatus), (332 bytes).
    Removing stm32f4xx_can.o(i.CAN_GetITStatus), (432 bytes).
    Removing stm32f4xx_can.o(i.CAN_GetLSBTransmitErrorCounter), (76 bytes).
    Removing stm32f4xx_can.o(i.CAN_GetLastErrorCode), (76 bytes).
    Removing stm32f4xx_can.o(i.CAN_GetReceiveErrorCounter), (76 bytes).
    Removing stm32f4xx_can.o(i.CAN_ITConfig), (188 bytes).
    Removing stm32f4xx_can.o(i.CAN_Init), (584 bytes).
    Removing stm32f4xx_can.o(i.CAN_MessagePending), (116 bytes).
    Removing stm32f4xx_can.o(i.CAN_OperatingModeRequest), (252 bytes).
    Removing stm32f4xx_can.o(i.CAN_Receive), (324 bytes).
    Removing stm32f4xx_can.o(i.CAN_SlaveStartBank), (104 bytes).
    Removing stm32f4xx_can.o(i.CAN_Sleep), (96 bytes).
    Removing stm32f4xx_can.o(i.CAN_StructInit), (32 bytes).
    Removing stm32f4xx_can.o(i.CAN_TTComModeCmd), (188 bytes).
    Removing stm32f4xx_can.o(i.CAN_Transmit), (468 bytes).
    Removing stm32f4xx_can.o(i.CAN_TransmitStatus), (236 bytes).
    Removing stm32f4xx_can.o(i.CAN_WakeUp), (112 bytes).
    Removing stm32f4xx_can.o(i.CheckITStatus), (18 bytes).
    Removing stm32f4xx_dma.o(.rev16_text), (4 bytes).
    Removing stm32f4xx_dma.o(.revsh_text), (4 bytes).
    Removing stm32f4xx_dma.o(.rrx_text), (6 bytes).
    Removing stm32f4xx_dma.o(i.DMA_ClearFlag), (260 bytes).
    Removing stm32f4xx_dma.o(i.DMA_ClearITPendingBit), (260 bytes).
    Removing stm32f4xx_dma.o(i.DMA_Cmd), (220 bytes).
    Removing stm32f4xx_dma.o(i.DMA_DeInit), (512 bytes).
    Removing stm32f4xx_dma.o(i.DMA_DoubleBufferModeCmd), (220 bytes).
    Removing stm32f4xx_dma.o(i.DMA_DoubleBufferModeConfig), (224 bytes).
    Removing stm32f4xx_dma.o(i.DMA_FlowControllerConfig), (220 bytes).
    Removing stm32f4xx_dma.o(i.DMA_GetCmdStatus), (196 bytes).
    Removing stm32f4xx_dma.o(i.DMA_GetCurrDataCounter), (184 bytes).
    Removing stm32f4xx_dma.o(i.DMA_GetCurrentMemoryTarget), (196 bytes).
    Removing stm32f4xx_dma.o(i.DMA_GetFIFOStatus), (188 bytes).
    Removing stm32f4xx_dma.o(i.DMA_GetFlagStatus), (584 bytes).
    Removing stm32f4xx_dma.o(i.DMA_GetITStatus), (688 bytes).
    Removing stm32f4xx_dma.o(i.DMA_ITConfig), (276 bytes).
    Removing stm32f4xx_dma.o(i.DMA_Init), (700 bytes).
    Removing stm32f4xx_dma.o(i.DMA_MemoryTargetConfig), (212 bytes).
    Removing stm32f4xx_dma.o(i.DMA_PeriphIncOffsetSizeConfig), (220 bytes).
    Removing stm32f4xx_dma.o(i.DMA_SetCurrDataCounter), (184 bytes).
    Removing stm32f4xx_dma.o(i.DMA_StructInit), (34 bytes).
    Removing stm32f4xx_exti.o(.rev16_text), (4 bytes).
    Removing stm32f4xx_exti.o(.revsh_text), (4 bytes).
    Removing stm32f4xx_exti.o(.rrx_text), (6 bytes).
    Removing stm32f4xx_exti.o(i.EXTI_ClearFlag), (64 bytes).
    Removing stm32f4xx_exti.o(i.EXTI_ClearITPendingBit), (68 bytes).
    Removing stm32f4xx_exti.o(i.EXTI_DeInit), (36 bytes).
    Removing stm32f4xx_exti.o(i.EXTI_GenerateSWInterrupt), (72 bytes).
    Removing stm32f4xx_exti.o(i.EXTI_GetFlagStatus), (200 bytes).
    Removing stm32f4xx_exti.o(i.EXTI_GetITStatus), (200 bytes).
    Removing stm32f4xx_exti.o(i.EXTI_Init), (272 bytes).
    Removing stm32f4xx_exti.o(i.EXTI_StructInit), (16 bytes).
    Removing stm32f4xx_gpio.o(.rev16_text), (4 bytes).
    Removing stm32f4xx_gpio.o(.revsh_text), (4 bytes).
    Removing stm32f4xx_gpio.o(.rrx_text), (6 bytes).
    Removing stm32f4xx_gpio.o(i.GPIO_DeInit), (420 bytes).
    Removing stm32f4xx_gpio.o(i.GPIO_Init), (428 bytes).
    Removing stm32f4xx_gpio.o(i.GPIO_PinAFConfig), (428 bytes).
    Removing stm32f4xx_gpio.o(i.GPIO_PinLockConfig), (208 bytes).
    Removing stm32f4xx_gpio.o(i.GPIO_ReadInputData), (164 bytes).
    Removing stm32f4xx_gpio.o(i.GPIO_ReadInputDataBit), (272 bytes).
    Removing stm32f4xx_gpio.o(i.GPIO_ReadOutputData), (164 bytes).
    Removing stm32f4xx_gpio.o(i.GPIO_ReadOutputDataBit), (272 bytes).
    Removing stm32f4xx_gpio.o(i.GPIO_ResetBits), (180 bytes).
    Removing stm32f4xx_gpio.o(i.GPIO_SetBits), (180 bytes).
    Removing stm32f4xx_gpio.o(i.GPIO_StructInit), (18 bytes).
    Removing stm32f4xx_gpio.o(i.GPIO_ToggleBits), (168 bytes).
    Removing stm32f4xx_gpio.o(i.GPIO_Write), (164 bytes).
    Removing stm32f4xx_gpio.o(i.GPIO_WriteBit), (284 bytes).
    Removing stm32f4xx_i2c.o(.rev16_text), (4 bytes).
    Removing stm32f4xx_i2c.o(.revsh_text), (4 bytes).
    Removing stm32f4xx_i2c.o(.rrx_text), (6 bytes).
    Removing stm32f4xx_i2c.o(i.I2C_ARPCmd), (120 bytes).
    Removing stm32f4xx_i2c.o(i.I2C_AcknowledgeConfig), (120 bytes).
    Removing stm32f4xx_i2c.o(i.I2C_AnalogFilterCmd), (120 bytes).
    Removing stm32f4xx_i2c.o(i.I2C_CalculatePEC), (120 bytes).
    Removing stm32f4xx_i2c.o(i.I2C_CheckEvent), (300 bytes).
    Removing stm32f4xx_i2c.o(i.I2C_ClearFlag), (112 bytes).
    Removing stm32f4xx_i2c.o(i.I2C_ClearITPendingBit), (112 bytes).
    Removing stm32f4xx_i2c.o(i.I2C_Cmd), (120 bytes).
    Removing stm32f4xx_i2c.o(i.I2C_DMACmd), (120 bytes).
    Removing stm32f4xx_i2c.o(i.I2C_DMALastTransferCmd), (120 bytes).
    Removing stm32f4xx_i2c.o(i.I2C_DeInit), (152 bytes).
    Removing stm32f4xx_i2c.o(i.I2C_DigitalFilterConfig), (112 bytes).
    Removing stm32f4xx_i2c.o(i.I2C_DualAddressCmd), (120 bytes).
    Removing stm32f4xx_i2c.o(i.I2C_FastModeDutyCycleConfig), (132 bytes).
    Removing stm32f4xx_i2c.o(i.I2C_GeneralCallCmd), (120 bytes).
    Removing stm32f4xx_i2c.o(i.I2C_GenerateSTART), (120 bytes).
    Removing stm32f4xx_i2c.o(i.I2C_GenerateSTOP), (120 bytes).
    Removing stm32f4xx_i2c.o(i.I2C_GetFlagStatus), (304 bytes).
    Removing stm32f4xx_i2c.o(i.I2C_GetITStatus), (248 bytes).
    Removing stm32f4xx_i2c.o(i.I2C_GetLastEvent), (104 bytes).
    Removing stm32f4xx_i2c.o(i.I2C_GetPEC), (80 bytes).
    Removing stm32f4xx_i2c.o(i.I2C_ITConfig), (136 bytes).
    Removing stm32f4xx_i2c.o(i.I2C_Init), (444 bytes).
    Removing stm32f4xx_i2c.o(i.I2C_NACKPositionConfig), (132 bytes).
    Removing stm32f4xx_i2c.o(i.I2C_OwnAddress2Config), (96 bytes).
    Removing stm32f4xx_i2c.o(i.I2C_PECPositionConfig), (132 bytes).
    Removing stm32f4xx_i2c.o(i.I2C_ReadRegister), (140 bytes).
    Removing stm32f4xx_i2c.o(i.I2C_ReceiveData), (80 bytes).
    Removing stm32f4xx_i2c.o(i.I2C_SMBusAlertConfig), (132 bytes).
    Removing stm32f4xx_i2c.o(i.I2C_Send7bitAddress), (112 bytes).
    Removing stm32f4xx_i2c.o(i.I2C_SendData), (80 bytes).
    Removing stm32f4xx_i2c.o(i.I2C_SoftwareResetCmd), (116 bytes).
    Removing stm32f4xx_i2c.o(i.I2C_StretchClockCmd), (120 bytes).
    Removing stm32f4xx_i2c.o(i.I2C_StructInit), (30 bytes).
    Removing stm32f4xx_i2c.o(i.I2C_TransmitPEC), (120 bytes).
    Removing stm32f4xx_rcc.o(.rev16_text), (4 bytes).
    Removing stm32f4xx_rcc.o(.revsh_text), (4 bytes).
    Removing stm32f4xx_rcc.o(.rrx_text), (6 bytes).
    Removing stm32f4xx_rcc.o(i.RCC_AHB1PeriphClockCmd), (108 bytes).
    Removing stm32f4xx_rcc.o(i.RCC_AHB1PeriphClockLPModeCmd), (108 bytes).
    Removing stm32f4xx_rcc.o(i.RCC_AHB1PeriphResetCmd), (108 bytes).
    Removing stm32f4xx_rcc.o(i.RCC_AHB2PeriphClockCmd), (104 bytes).
    Removing stm32f4xx_rcc.o(i.RCC_AHB2PeriphClockLPModeCmd), (104 bytes).
    Removing stm32f4xx_rcc.o(i.RCC_AHB2PeriphResetCmd), (104 bytes).
    Removing stm32f4xx_rcc.o(i.RCC_AHB3PeriphClockCmd), (104 bytes).
    Removing stm32f4xx_rcc.o(i.RCC_AHB3PeriphClockLPModeCmd), (104 bytes).
    Removing stm32f4xx_rcc.o(i.RCC_AHB3PeriphResetCmd), (104 bytes).
    Removing stm32f4xx_rcc.o(i.RCC_APB1PeriphClockCmd), (104 bytes).
    Removing stm32f4xx_rcc.o(i.RCC_APB1PeriphClockLPModeCmd), (104 bytes).
    Removing stm32f4xx_rcc.o(i.RCC_APB1PeriphResetCmd), (104 bytes).
    Removing stm32f4xx_rcc.o(i.RCC_APB2PeriphClockCmd), (108 bytes).
    Removing stm32f4xx_rcc.o(i.RCC_APB2PeriphClockLPModeCmd), (108 bytes).
    Removing stm32f4xx_rcc.o(i.RCC_APB2PeriphResetCmd), (108 bytes).
    Removing stm32f4xx_rcc.o(i.RCC_AdjustHSICalibrationValue), (72 bytes).
    Removing stm32f4xx_rcc.o(i.RCC_BackupResetCmd), (60 bytes).
    Removing stm32f4xx_rcc.o(i.RCC_ClearFlag), (20 bytes).
    Removing stm32f4xx_rcc.o(i.RCC_ClearITPendingBit), (56 bytes).
    Removing stm32f4xx_rcc.o(i.RCC_ClockSecuritySystemCmd), (60 bytes).
    Removing stm32f4xx_rcc.o(i.RCC_DeInit), (100 bytes).
    Removing stm32f4xx_rcc.o(i.RCC_GetClocksFreq), (232 bytes).
    Removing stm32f4xx_rcc.o(i.RCC_GetFlagStatus), (168 bytes).
    Removing stm32f4xx_rcc.o(i.RCC_GetITStatus), (100 bytes).
    Removing stm32f4xx_rcc.o(i.RCC_GetSYSCLKSource), (16 bytes).
    Removing stm32f4xx_rcc.o(i.RCC_HCLKConfig), (100 bytes).
    Removing stm32f4xx_rcc.o(i.RCC_HSEConfig), (72 bytes).
    Removing stm32f4xx_rcc.o(i.RCC_HSICmd), (60 bytes).
    Removing stm32f4xx_rcc.o(i.RCC_I2SCLKConfig), (60 bytes).
    Removing stm32f4xx_rcc.o(i.RCC_ITConfig), (104 bytes).
    Removing stm32f4xx_rcc.o(i.RCC_LSEConfig), (100 bytes).
    Removing stm32f4xx_rcc.o(i.RCC_LSEModeConfig), (88 bytes).
    Removing stm32f4xx_rcc.o(i.RCC_LSICmd), (60 bytes).
    Removing stm32f4xx_rcc.o(i.RCC_LTDCCLKDivConfig), (84 bytes).
    Removing stm32f4xx_rcc.o(i.RCC_MCO1Config), (132 bytes).
    Removing stm32f4xx_rcc.o(i.RCC_MCO2Config), (132 bytes).
    Removing stm32f4xx_rcc.o(i.RCC_PCLK1Config), (92 bytes).
    Removing stm32f4xx_rcc.o(i.RCC_PCLK2Config), (92 bytes).
    Removing stm32f4xx_rcc.o(i.RCC_PLLCmd), (60 bytes).
    Removing stm32f4xx_rcc.o(i.RCC_PLLConfig), (188 bytes).
    Removing stm32f4xx_rcc.o(i.RCC_PLLI2SCmd), (60 bytes).
    Removing stm32f4xx_rcc.o(i.RCC_PLLI2SConfig), (92 bytes).
    Removing stm32f4xx_rcc.o(i.RCC_PLLSAICmd), (60 bytes).
    Removing stm32f4xx_rcc.o(i.RCC_PLLSAIConfig), (120 bytes).
    Removing stm32f4xx_rcc.o(i.RCC_RTCCLKCmd), (60 bytes).
    Removing stm32f4xx_rcc.o(i.RCC_RTCCLKConfig), (416 bytes).
    Removing stm32f4xx_rcc.o(i.RCC_SAIBlockACLKConfig), (80 bytes).
    Removing stm32f4xx_rcc.o(i.RCC_SAIBlockBCLKConfig), (80 bytes).
    Removing stm32f4xx_rcc.o(i.RCC_SAIPLLI2SClkDivConfig), (76 bytes).
    Removing stm32f4xx_rcc.o(i.RCC_SAIPLLSAIClkDivConfig), (80 bytes).
    Removing stm32f4xx_rcc.o(i.RCC_SYSCLKConfig), (76 bytes).
    Removing stm32f4xx_rcc.o(i.RCC_TIMCLKPresConfig), (60 bytes).
    Removing stm32f4xx_rcc.o(i.RCC_WaitForHSEStartUp), (56 bytes).
    Removing stm32f4xx_rcc.o(.data), (16 bytes).
    Removing stm32f4xx_spi.o(.rev16_text), (4 bytes).
    Removing stm32f4xx_spi.o(.revsh_text), (4 bytes).
    Removing stm32f4xx_spi.o(.rrx_text), (6 bytes).
    Removing stm32f4xx_spi.o(i.I2S_Cmd), (124 bytes).
    Removing stm32f4xx_spi.o(i.I2S_FullDuplexConfig), (280 bytes).
    Removing stm32f4xx_spi.o(i.I2S_Init), (596 bytes).
    Removing stm32f4xx_spi.o(i.I2S_StructInit), (20 bytes).
    Removing stm32f4xx_spi.o(i.SPI_BiDirectionalLineConfig), (160 bytes).
    Removing stm32f4xx_spi.o(i.SPI_CalculateCRC), (148 bytes).
    Removing stm32f4xx_spi.o(i.SPI_Cmd), (148 bytes).
    Removing stm32f4xx_spi.o(i.SPI_DataSizeConfig), (144 bytes).
    Removing stm32f4xx_spi.o(i.SPI_GetCRC), (140 bytes).
    Removing stm32f4xx_spi.o(i.SPI_GetCRCPolynomial), (108 bytes).
    Removing stm32f4xx_spi.o(i.SPI_I2S_ClearFlag), (144 bytes).
    Removing stm32f4xx_spi.o(i.SPI_I2S_ClearITPendingBit), (156 bytes).
    Removing stm32f4xx_spi.o(i.SPI_I2S_DMACmd), (184 bytes).
    Removing stm32f4xx_spi.o(i.SPI_I2S_DeInit), (252 bytes).
    Removing stm32f4xx_spi.o(i.SPI_I2S_GetFlagStatus), (192 bytes).
    Removing stm32f4xx_spi.o(i.SPI_I2S_GetITStatus), (224 bytes).
    Removing stm32f4xx_spi.o(i.SPI_I2S_ITConfig), (208 bytes).
    Removing stm32f4xx_spi.o(i.SPI_I2S_ReceiveData), (124 bytes).
    Removing stm32f4xx_spi.o(i.SPI_I2S_SendData), (128 bytes).
    Removing stm32f4xx_spi.o(i.SPI_Init), (420 bytes).
    Removing stm32f4xx_spi.o(i.SPI_NSSInternalSoftwareConfig), (164 bytes).
    Removing stm32f4xx_spi.o(i.SPI_SSOutputCmd), (148 bytes).
    Removing stm32f4xx_spi.o(i.SPI_StructInit), (24 bytes).
    Removing stm32f4xx_spi.o(i.SPI_TIModeCmd), (148 bytes).
    Removing stm32f4xx_spi.o(i.SPI_TransmitCRC), (116 bytes).
    Removing stm32f4xx_tim.o(.rev16_text), (4 bytes).
    Removing stm32f4xx_tim.o(.revsh_text), (4 bytes).
    Removing stm32f4xx_tim.o(.rrx_text), (6 bytes).
    Removing stm32f4xx_tim.o(i.TI1_Config), (58 bytes).
    Removing stm32f4xx_tim.o(i.TI2_Config), (80 bytes).
    Removing stm32f4xx_tim.o(i.TI3_Config), (72 bytes).
    Removing stm32f4xx_tim.o(i.TI4_Config), (80 bytes).
    Removing stm32f4xx_tim.o(i.TIM_ARRPreloadConfig), (224 bytes).
    Removing stm32f4xx_tim.o(i.TIM_BDTRConfig), (260 bytes).
    Removing stm32f4xx_tim.o(i.TIM_BDTRStructInit), (18 bytes).
    Removing stm32f4xx_tim.o(i.TIM_CCPreloadControl), (108 bytes).
    Removing stm32f4xx_tim.o(i.TIM_CCxCmd), (240 bytes).
    Removing stm32f4xx_tim.o(i.TIM_CCxNCmd), (140 bytes).
    Removing stm32f4xx_tim.o(i.TIM_ClearFlag), (188 bytes).
    Removing stm32f4xx_tim.o(i.TIM_ClearITPendingBit), (188 bytes).
    Removing stm32f4xx_tim.o(i.TIM_ClearOC1Ref), (196 bytes).
    Removing stm32f4xx_tim.o(i.TIM_ClearOC2Ref), (164 bytes).
    Removing stm32f4xx_tim.o(i.TIM_ClearOC3Ref), (136 bytes).
    Removing stm32f4xx_tim.o(i.TIM_ClearOC4Ref), (144 bytes).
    Removing stm32f4xx_tim.o(i.TIM_Cmd), (224 bytes).
    Removing stm32f4xx_tim.o(i.TIM_CounterModeConfig), (148 bytes).
    Removing stm32f4xx_tim.o(i.TIM_CtrlPWMOutputs), (116 bytes).
    Removing stm32f4xx_tim.o(i.TIM_DMACmd), (184 bytes).
    Removing stm32f4xx_tim.o(i.TIM_DMAConfig), (320 bytes).
    Removing stm32f4xx_tim.o(i.TIM_DeInit), (520 bytes).
    Removing stm32f4xx_tim.o(i.TIM_ETRClockMode1Config), (220 bytes).
    Removing stm32f4xx_tim.o(i.TIM_ETRClockMode2Config), (200 bytes).
    Removing stm32f4xx_tim.o(i.TIM_ETRConfig), (212 bytes).
    Removing stm32f4xx_tim.o(i.TIM_EncoderInterfaceConfig), (284 bytes).
    Removing stm32f4xx_tim.o(i.TIM_ForcedOC1Config), (200 bytes).
    Removing stm32f4xx_tim.o(i.TIM_ForcedOC2Config), (168 bytes).
    Removing stm32f4xx_tim.o(i.TIM_ForcedOC3Config), (140 bytes).
    Removing stm32f4xx_tim.o(i.TIM_ForcedOC4Config), (148 bytes).
    Removing stm32f4xx_tim.o(i.TIM_GenerateEvent), (208 bytes).
    Removing stm32f4xx_tim.o(i.TIM_GetCapture1), (164 bytes).
    Removing stm32f4xx_tim.o(i.TIM_GetCapture2), (124 bytes).
    Removing stm32f4xx_tim.o(i.TIM_GetCapture3), (104 bytes).
    Removing stm32f4xx_tim.o(i.TIM_GetCapture4), (104 bytes).
    Removing stm32f4xx_tim.o(i.TIM_GetCounter), (184 bytes).
    Removing stm32f4xx_tim.o(i.TIM_GetFlagStatus), (268 bytes).
    Removing stm32f4xx_tim.o(i.TIM_GetITStatus), (268 bytes).
    Removing stm32f4xx_tim.o(i.TIM_GetPrescaler), (184 bytes).
    Removing stm32f4xx_tim.o(i.TIM_ICInit), (532 bytes).
    Removing stm32f4xx_tim.o(i.TIM_ICStructInit), (18 bytes).
    Removing stm32f4xx_tim.o(i.TIM_ITConfig), (240 bytes).
    Removing stm32f4xx_tim.o(i.TIM_ITRxExternalClockConfig), (168 bytes).
    Removing stm32f4xx_tim.o(i.TIM_InternalClockConfig), (132 bytes).
    Removing stm32f4xx_tim.o(i.TIM_OC1FastConfig), (196 bytes).
    Removing stm32f4xx_tim.o(i.TIM_OC1Init), (472 bytes).
    Removing stm32f4xx_tim.o(i.TIM_OC1NPolarityConfig), (100 bytes).
    Removing stm32f4xx_tim.o(i.TIM_OC1PolarityConfig), (196 bytes).
    Removing stm32f4xx_tim.o(i.TIM_OC1PreloadConfig), (196 bytes).
    Removing stm32f4xx_tim.o(i.TIM_OC2FastConfig), (164 bytes).
    Removing stm32f4xx_tim.o(i.TIM_OC2Init), (472 bytes).
    Removing stm32f4xx_tim.o(i.TIM_OC2NPolarityConfig), (108 bytes).
    Removing stm32f4xx_tim.o(i.TIM_OC2PolarityConfig), (164 bytes).
    Removing stm32f4xx_tim.o(i.TIM_OC2PreloadConfig), (164 bytes).
    Removing stm32f4xx_tim.o(i.TIM_OC3FastConfig), (136 bytes).
    Removing stm32f4xx_tim.o(i.TIM_OC3Init), (448 bytes).
    Removing stm32f4xx_tim.o(i.TIM_OC3NPolarityConfig), (108 bytes).
    Removing stm32f4xx_tim.o(i.TIM_OC3PolarityConfig), (144 bytes).
    Removing stm32f4xx_tim.o(i.TIM_OC3PreloadConfig), (136 bytes).
    Removing stm32f4xx_tim.o(i.TIM_OC4FastConfig), (144 bytes).
    Removing stm32f4xx_tim.o(i.TIM_OC4Init), (340 bytes).
    Removing stm32f4xx_tim.o(i.TIM_OC4PolarityConfig), (144 bytes).
    Removing stm32f4xx_tim.o(i.TIM_OC4PreloadConfig), (144 bytes).
    Removing stm32f4xx_tim.o(i.TIM_OCStructInit), (20 bytes).
    Removing stm32f4xx_tim.o(i.TIM_PWMIConfig), (240 bytes).
    Removing stm32f4xx_tim.o(i.TIM_PrescalerConfig), (208 bytes).
    Removing stm32f4xx_tim.o(i.TIM_RemapConfig), (132 bytes).
    Removing stm32f4xx_tim.o(i.TIM_SelectCCDMA), (144 bytes).
    Removing stm32f4xx_tim.o(i.TIM_SelectCOM), (108 bytes).
    Removing stm32f4xx_tim.o(i.TIM_SelectHallSensor), (164 bytes).
    Removing stm32f4xx_tim.o(i.TIM_SelectInputTrigger), (220 bytes).
    Removing stm32f4xx_tim.o(i.TIM_SelectMasterSlaveMode), (160 bytes).
    Removing stm32f4xx_tim.o(i.TIM_SelectOCxM), (324 bytes).
    Removing stm32f4xx_tim.o(i.TIM_SelectOnePulseMode), (220 bytes).
    Removing stm32f4xx_tim.o(i.TIM_SelectOutputTrigger), (184 bytes).
    Removing stm32f4xx_tim.o(i.TIM_SelectSlaveMode), (168 bytes).
    Removing stm32f4xx_tim.o(i.TIM_SetAutoreload), (188 bytes).
    Removing stm32f4xx_tim.o(i.TIM_SetClockDivision), (208 bytes).
    Removing stm32f4xx_tim.o(i.TIM_SetCompare1), (168 bytes).
    Removing stm32f4xx_tim.o(i.TIM_SetCompare2), (128 bytes).
    Removing stm32f4xx_tim.o(i.TIM_SetCompare3), (108 bytes).
    Removing stm32f4xx_tim.o(i.TIM_SetCompare4), (108 bytes).
    Removing stm32f4xx_tim.o(i.TIM_SetCounter), (188 bytes).
    Removing stm32f4xx_tim.o(i.TIM_SetIC1Prescaler), (208 bytes).
    Removing stm32f4xx_tim.o(i.TIM_SetIC2Prescaler), (176 bytes).
    Removing stm32f4xx_tim.o(i.TIM_SetIC3Prescaler), (148 bytes).
    Removing stm32f4xx_tim.o(i.TIM_SetIC4Prescaler), (156 bytes).
    Removing stm32f4xx_tim.o(i.TIM_TIxExternalClockConfig), (256 bytes).
    Removing stm32f4xx_tim.o(i.TIM_TimeBaseInit), (360 bytes).
    Removing stm32f4xx_tim.o(i.TIM_TimeBaseStructInit), (18 bytes).
    Removing stm32f4xx_tim.o(i.TIM_UpdateDisableConfig), (224 bytes).
    Removing stm32f4xx_tim.o(i.TIM_UpdateRequestConfig), (224 bytes).
    Removing stm32f4xx_usart.o(.rev16_text), (4 bytes).
    Removing stm32f4xx_usart.o(.revsh_text), (4 bytes).
    Removing stm32f4xx_usart.o(.rrx_text), (6 bytes).
    Removing stm32f4xx_usart.o(i.USART_ClearFlag), (224 bytes).
    Removing stm32f4xx_usart.o(i.USART_ClockInit), (216 bytes).
    Removing stm32f4xx_usart.o(i.USART_ClockStructInit), (12 bytes).
    Removing stm32f4xx_usart.o(i.USART_Cmd), (192 bytes).
    Removing stm32f4xx_usart.o(i.USART_DMACmd), (212 bytes).
    Removing stm32f4xx_usart.o(i.USART_DeInit), (348 bytes).
    Removing stm32f4xx_usart.o(i.USART_GetFlagStatus), (268 bytes).
    Removing stm32f4xx_usart.o(i.USART_GetITStatus), (376 bytes).
    Removing stm32f4xx_usart.o(i.USART_HalfDuplexCmd), (192 bytes).
    Removing stm32f4xx_usart.o(i.USART_ITConfig), (356 bytes).
    Removing stm32f4xx_usart.o(i.USART_Init), (568 bytes).
    Removing stm32f4xx_usart.o(i.USART_IrDACmd), (192 bytes).
    Removing stm32f4xx_usart.o(i.USART_IrDAConfig), (188 bytes).
    Removing stm32f4xx_usart.o(i.USART_LINBreakDetectLengthConfig), (188 bytes).
    Removing stm32f4xx_usart.o(i.USART_LINCmd), (192 bytes).
    Removing stm32f4xx_usart.o(i.USART_OneBitMethodCmd), (192 bytes).
    Removing stm32f4xx_usart.o(i.USART_OverSampling8Cmd), (192 bytes).
    Removing stm32f4xx_usart.o(i.USART_ReceiveData), (156 bytes).
    Removing stm32f4xx_usart.o(i.USART_ReceiverWakeUpCmd), (192 bytes).
    Removing stm32f4xx_usart.o(i.USART_SendBreak), (160 bytes).
    Removing stm32f4xx_usart.o(i.USART_SendData), (176 bytes).
    Removing stm32f4xx_usart.o(i.USART_SetAddress), (184 bytes).
    Removing stm32f4xx_usart.o(i.USART_SetGuardTime), (108 bytes).
    Removing stm32f4xx_usart.o(i.USART_SetPrescaler), (168 bytes).
    Removing stm32f4xx_usart.o(i.USART_SmartCardCmd), (132 bytes).
    Removing stm32f4xx_usart.o(i.USART_SmartCardNACKCmd), (132 bytes).
    Removing stm32f4xx_usart.o(i.USART_StructInit), (24 bytes).
    Removing stm32f4xx_usart.o(i.USART_WakeUpConfig), (188 bytes).
    Removing uart_handle.o(.rev16_text), (4 bytes).
    Removing uart_handle.o(.revsh_text), (4 bytes).
    Removing uart_handle.o(.rrx_text), (6 bytes).
    Removing uart_handle.o(i._ZN4uart6Handle11initPrivateENS_6RxPinsENS_6TxPinsER17USART_InitTypeDefh), (316 bytes).
    Removing uart_handle.o(i._ZN4uart6Handle12initExtendedENS_6RxPinsENS_6TxPinsER17USART_InitTypeDefP12GPIO_TypeDefth), (102 bytes).
    Removing uart_handle.o(i._ZN4uart6Handle14changeBaudrateEj), (108 bytes).
    Removing uart_handle.o(i._ZN4uart6Handle14enableReceiverEv), (50 bytes).
    Removing uart_handle.o(i._ZN4uart6Handle14sendLocalArrayEPKhj), (124 bytes).
    Removing uart_handle.o(i._ZN4uart6Handle14uartInitHelperERNS0_12UartSettingsE), (244 bytes).
    Removing uart_handle.o(i._ZN4uart6Handle15disableReceiverEv), (50 bytes).
    Removing uart_handle.o(i._ZN4uart6Handle15sendStaticArrayEPVKhj), (118 bytes).
    Removing uart_handle.o(i._ZN4uart6Handle17enableTransmit485Ev), (18 bytes).
    Removing uart_handle.o(i._ZN4uart6Handle17isReceiverOverrunEv), (24 bytes).
    Removing uart_handle.o(i._ZN4uart6Handle18isTransmitCompleteEv), (24 bytes).
    Removing uart_handle.o(i._ZN4uart6Handle4initENS_6RxPinsENS_6TxPinsEj), (68 bytes).
    Removing uart_handle.o(i._ZN4uart6Handle4initENS_6RxPinsENS_6TxPinsEjP12GPIO_TypeDefth), (66 bytes).
    Removing uart_handle.o(i._ZN4uart6Handle4initENS_6RxPinsENS_6TxPinsEjh), (68 bytes).
    Removing uart_handle.o(i._ZN4uart6Handle4lockEv), (24 bytes).
    Removing uart_handle.o(i._ZN4uart6Handle5resetEv), (108 bytes).
    Removing uart_handle.o(i._ZN4uart6Handle6unLockEv), (24 bytes).
    Removing uart_handle.o(i._ZN4uart6Handle7getByteEv), (92 bytes).
    Removing uart_handle.o(i._ZN4uart6Handle8getErrorEv), (22 bytes).
    Removing uart_handle.o(i._ZN4uart6Handle8isLockedEv), (24 bytes).
    Removing uart_handle.o(i._ZN4uart6Handle8teardownEv), (140 bytes).
    Removing uart_handle.o(i._ZN4uart6Handle9isNewByteEv), (98 bytes).
    Removing uart_handle.o(.ARM.exidx), (8 bytes).
    Removing uart_handle.o(.ARM.exidx), (8 bytes).
    Removing uart_handle.o(.ARM.exidx), (8 bytes).
    Removing uart_handle.o(.ARM.exidx), (8 bytes).
    Removing uart_handle.o(.ARM.exidx), (8 bytes).
    Removing uart_handle.o(.ARM.exidx), (8 bytes).
    Removing uart_handle.o(.ARM.exidx), (8 bytes).
    Removing uart_handle.o(.ARM.exidx), (8 bytes).
    Removing uart_handle.o(.ARM.exidx), (8 bytes).
    Removing uart_handle.o(.ARM.exidx), (8 bytes).
    Removing uart_handle.o(.ARM.exidx), (8 bytes).
    Removing uart_handle.o(.ARM.exidx), (8 bytes).
    Removing uart_handle.o(.ARM.exidx), (8 bytes).
    Removing uart_handle.o(.ARM.exidx), (8 bytes).
    Removing uart_handle.o(.ARM.exidx), (8 bytes).
    Removing uart_handle.o(.ARM.exidx), (8 bytes).
    Removing uart_handle.o(.ARM.exidx), (8 bytes).
    Removing uart_handle.o(.ARM.exidx), (8 bytes).
    Removing uart_handle.o(.ARM.exidx), (8 bytes).
    Removing uart_handle.o(.ARM.exidx), (8 bytes).
    Removing uart_handle.o(.ARM.exidx), (8 bytes).
    Removing uart_handle.o(.ARM.exidx), (8 bytes).
    Removing uart_handle.o(.ARM.exidx), (8 bytes).
    Removing uart_handle.o(.ARM.exidx), (8 bytes).
    Removing uart_handle.o(.ARM.exidx), (8 bytes).
    Removing uart_handle.o(.ARM.exidx), (8 bytes).
    Removing uart_handle.o(.ARM.exidx), (8 bytes).
    Removing uart_handle.o(.ARM.exidx), (8 bytes).
    Removing system_stm32f4xx.o(.rev16_text), (4 bytes).
    Removing system_stm32f4xx.o(.revsh_text), (4 bytes).
    Removing system_stm32f4xx.o(.rrx_text), (6 bytes).
    Removing system_stm32f4xx.o(i.SystemCoreClockUpdate), (192 bytes).
    Removing system_stm32f4xx.o(.constdata), (24 bytes).
    Removing time_service.o(.rev16_text), (4 bytes).
    Removing time_service.o(.revsh_text), (4 bytes).
    Removing time_service.o(.rrx_text), (6 bytes).
    Removing time_service.o(i._ZN12time_service8delay_msEj), (28 bytes).
    Removing time_service.o(i._ZN12time_service8stopTimeEv), (18 bytes).
    Removing time_service.o(.ARM.exidx), (8 bytes).
    Removing time_service.o(.ARM.exidx), (8 bytes).
    Removing time_service.o(.ARM.exidx), (8 bytes).
    Removing time_service.o(.ARM.exidx), (8 bytes).
    Removing time_service.o(.ARM.exidx), (8 bytes).
    Removing retarget.o(.rev16_text), (4 bytes).
    Removing retarget.o(.revsh_text), (4 bytes).
    Removing retarget.o(.rrx_text), (6 bytes).
    Removing retarget.o(i._Z12ITM_SendCharj), (48 bytes).
    Removing retarget.o(i._sys_command_string), (6 bytes).
    Removing retarget.o(i._ttywrch), (12 bytes).
    Removing retarget.o(i.ferror), (8 bytes).
    Removing retarget.o(i.fgetc), (6 bytes).
    Removing retarget.o(i.fputc), (14 bytes).
    Removing retarget.o(.ARM.exidx), (8 bytes).
    Removing retarget.o(.ARM.exidx), (8 bytes).
    Removing retarget.o(.ARM.exidx), (8 bytes).
    Removing retarget.o(.ARM.exidx), (8 bytes).
    Removing retarget.o(.ARM.exidx), (8 bytes).
    Removing retarget.o(.ARM.exidx), (8 bytes).
    Removing retarget.o(.ARM.exidx), (8 bytes).
    Removing retarget.o(.ARM.exidx), (8 bytes).
    Removing retarget.o(.ARM.exidx), (8 bytes).
    Removing retarget.o(.data), (12 bytes).
    Removing uart_handle.o(i._Z9gpioToRccP12GPIO_TypeDef), (140 bytes).
    Removing uart_handle.o(.ARM.exidx), (8 bytes).
    Removing uart_handle.o(.ARM.exidx), (8 bytes).
    Removing uart_handle.o(.ARM.exidx), (8 bytes).
    Removing uart_handle.o(i._ZN11ISerialPort9sendInt32Ej), (18 bytes).
    Removing uart_handle.o(.ARM.exidx), (8 bytes).
    Removing uart_handle.o(i._ZN11ISerialPort8sendByteEh), (18 bytes).
    Removing uart_handle.o(.ARM.exidx), (8 bytes).
    Removing uart_handle.o(t._ZNV14CircularBufferIhLj255EE8readTailEv), (110 bytes).
    Removing uart_handle.o(.ARM.exidx), (8 bytes).
    Removing uart_handle.o(i._ZN4uart6HandleD0Ev), (18 bytes).
    Removing uart_handle.o(.ARM.exidx), (8 bytes).
    Removing uart_handle.o(.constdata__ZTIN4uart6HandleE), (12 bytes).
    Removing uart_handle.o(.constdata__ZTI11ISerialPort), (8 bytes).
    Removing uart_handle.o(.constdata__ZTSN4uart6HandleE), (15 bytes).
    Removing uart_handle.o(.constdata__ZTS11ISerialPort), (14 bytes).
    Removing uart_handle.o(i._ZN11ISerialPortD2Ev), (2 bytes).
    Removing uart_handle.o(.ARM.exidx), (8 bytes).
    Removing uart_handle.o(i._ZN11ISerialPortD0Ev), (16 bytes).
    Removing uart_handle.o(.ARM.exidx), (8 bytes).

487 unused section(s) (total 61657 bytes) removed from the image.

==============================================================================

Image Symbol Table

    Local Symbols

    Symbol Name                              Value     Ov Type        Size  Object(Section)

    ../../../edgfe/lib_src/arm_exceptions.c  0x00000000   Number         0  arm_exceptions_callterm.o ABSOLUTE
    ../../../edgfe/lib_src/arm_exceptions.c  0x00000000   Number         0  arm_exceptions_terminate.o ABSOLUTE
    ../../../edgfe/lib_src/arm_exceptions.c  0x00000000   Number         0  arm_exceptions_globs.o ABSOLUTE
    ../../../edgfe/lib_src/arm_exceptions.c  0x00000000   Number         0  arm_exceptions_support.o ABSOLUTE
    ../../../edgfe/lib_src/arm_exceptions.c  0x00000000   Number         0  arm_exceptions_mem.o ABSOLUTE
    ../../../edgfe/lib_src/arm_noexceptions.c 0x00000000   Number         0  arm_begincatch_noexceptions.o ABSOLUTE
    ../../../edgfe/lib_src/delete.c          0x00000000   Number         0  delete.o ABSOLUTE
    ../../../edgfe/lib_src/pure_virt.c       0x00000000   Number         0  pure_virt.o ABSOLUTE
    ../../../edgfe/lib_src/typeinfo.c        0x00000000   Number         0  lib_rtti_impl.o ABSOLUTE
    ../../../edgfe/lib_src/typeinfo.c        0x00000000   Number         0  type_info_dtor.o ABSOLUTE
    ../clib/angel/boardlib.s                 0x00000000   Number         0  boardinit1.o ABSOLUTE
    ../clib/angel/boardlib.s                 0x00000000   Number         0  boardinit2.o ABSOLUTE
    ../clib/angel/boardlib.s                 0x00000000   Number         0  boardinit3.o ABSOLUTE
    ../clib/angel/boardlib.s                 0x00000000   Number         0  boardshut.o ABSOLUTE
    ../clib/angel/handlers.s                 0x00000000   Number         0  __scatter_zi.o ABSOLUTE
    ../clib/angel/handlers.s                 0x00000000   Number         0  __scatter_copy.o ABSOLUTE
    ../clib/angel/kernel.s                   0x00000000   Number         0  __rtentry4.o ABSOLUTE
    ../clib/angel/kernel.s                   0x00000000   Number         0  rtexit2.o ABSOLUTE
    ../clib/angel/kernel.s                   0x00000000   Number         0  __rtentry.o ABSOLUTE
    ../clib/angel/kernel.s                   0x00000000   Number         0  rtexit.o ABSOLUTE
    ../clib/angel/kernel.s                   0x00000000   Number         0  __rtentry2.o ABSOLUTE
    ../clib/angel/rt.s                       0x00000000   Number         0  rt_heap_descriptor_intlibspace.o ABSOLUTE
    ../clib/angel/rt.s                       0x00000000   Number         0  rt_raise.o ABSOLUTE
    ../clib/angel/rt.s                       0x00000000   Number         0  rt_heap_descriptor.o ABSOLUTE
    ../clib/angel/rt.s                       0x00000000   Number         0  rt_eh_globals_addr.o ABSOLUTE
    ../clib/angel/rt.s                       0x00000000   Number         0  rt_eh_globals_addr_intlibspace.o ABSOLUTE
    ../clib/angel/scatter.s                  0x00000000   Number         0  __scatter.o ABSOLUTE
    ../clib/angel/startup.s                  0x00000000   Number         0  __main.o ABSOLUTE
    ../clib/angel/sys.s                      0x00000000   Number         0  libspace.o ABSOLUTE
    ../clib/angel/sys.s                      0x00000000   Number         0  sys_stackheap_outer.o ABSOLUTE
    ../clib/angel/sys.s                      0x00000000   Number         0  use_no_semi.o ABSOLUTE
    ../clib/angel/sys.s                      0x00000000   Number         0  mutex_dummy.o ABSOLUTE
    ../clib/arm_runtime.c                    0x00000000   Number         0  init_aeabi.o ABSOLUTE
    ../clib/arm_runtime.c                    0x00000000   Number         0  init_aeabi.o ABSOLUTE
    ../clib/armsys.c                         0x00000000   Number         0  _get_argv_nomalloc.o ABSOLUTE
    ../clib/armsys.c                         0x00000000   Number         0  _get_argv.o ABSOLUTE
    ../clib/armsys.c                         0x00000000   Number         0  no_argv.o ABSOLUTE
    ../clib/armsys.c                         0x00000000   Number         0  argv_veneer.o ABSOLUTE
    ../clib/armsys.c                         0x00000000   Number         0  argv_veneer.o ABSOLUTE
    ../clib/heap1.c                          0x00000000   Number         0  h1_init_mt.o ABSOLUTE
    ../clib/heap1.c                          0x00000000   Number         0  h1_init.o ABSOLUTE
    ../clib/heap1.c                          0x00000000   Number         0  h1_alloc_mt.o ABSOLUTE
    ../clib/heap1.c                          0x00000000   Number         0  h1_free_mt.o ABSOLUTE
    ../clib/heap1.c                          0x00000000   Number         0  h1_free.o ABSOLUTE
    ../clib/heap1.c                          0x00000000   Number         0  h1_final.o ABSOLUTE
    ../clib/heap1.c                          0x00000000   Number         0  h1_final_mt.o ABSOLUTE
    ../clib/heap1.c                          0x00000000   Number         0  h1_extend.o ABSOLUTE
    ../clib/heap1.c                          0x00000000   Number         0  h1_alloc.o ABSOLUTE
    ../clib/heap1.c                          0x00000000   Number         0  h1_extend_mt.o ABSOLUTE
    ../clib/heap2.c                          0x00000000   Number         0  heap2.o ABSOLUTE
    ../clib/heap2.c                          0x00000000   Number         0  heap2mt.o ABSOLUTE
    ../clib/heap2.c                          0x00000000   Number         0  fdtree.o ABSOLUTE
    ../clib/heapalloc.c                      0x00000000   Number         0  hrguard.o ABSOLUTE
    ../clib/heapalloc.c                      0x00000000   Number         0  maybetermalloc1.o ABSOLUTE
    ../clib/heapalloc.c                      0x00000000   Number         0  maybetermalloc2.o ABSOLUTE
    ../clib/heapalloc.c                      0x00000000   Number         0  maybetermalloc2.o ABSOLUTE
    ../clib/heapalloc.c                      0x00000000   Number         0  heapstubs.o ABSOLUTE
    ../clib/heapalloc.c                      0x00000000   Number         0  malloc.o ABSOLUTE
    ../clib/heapalloc.c                      0x00000000   Number         0  init_alloc.o ABSOLUTE
    ../clib/heapalloc.c                      0x00000000   Number         0  hguard.o ABSOLUTE
    ../clib/heapalloc.c                      0x00000000   Number         0  maybetermalloc1.o ABSOLUTE
    ../clib/heapalloc.c                      0x00000000   Number         0  term_alloc.o ABSOLUTE
    ../clib/heapalloc.c                      0x00000000   Number         0  free.o ABSOLUTE
    ../clib/heapaux.c                        0x00000000   Number         0  heapauxa.o ABSOLUTE
    ../clib/heapaux.c                        0x00000000   Number         0  heapauxi.o ABSOLUTE
    ../clib/libinit.s                        0x00000000   Number         0  libinit2.o ABSOLUTE
    ../clib/libinit.s                        0x00000000   Number         0  libinit.o ABSOLUTE
    ../clib/libinit.s                        0x00000000   Number         0  libshutdown2.o ABSOLUTE
    ../clib/libinit.s                        0x00000000   Number         0  libshutdown.o ABSOLUTE
    ../clib/memcpset.s                       0x00000000   Number         0  rt_memclr.o ABSOLUTE
    ../clib/memcpset.s                       0x00000000   Number         0  rt_memcpy_w.o ABSOLUTE
    ../clib/memcpset.s                       0x00000000   Number         0  rt_memclr_w.o ABSOLUTE
    ../clib/signal.c                         0x00000000   Number         0  defsig_rtmem_outer.o ABSOLUTE
    ../clib/signal.c                         0x00000000   Number         0  defsig_general.o ABSOLUTE
    ../clib/signal.c                         0x00000000   Number         0  __raise.o ABSOLUTE
    ../clib/signal.c                         0x00000000   Number         0  defsig_pvfn_inner.o ABSOLUTE
    ../clib/signal.c                         0x00000000   Number         0  defsig_exit.o ABSOLUTE
    ../clib/signal.c                         0x00000000   Number         0  defsig_abrt_inner.o ABSOLUTE
    ../clib/signal.c                         0x00000000   Number         0  defsig_fpe_inner.o ABSOLUTE
    ../clib/signal.c                         0x00000000   Number         0  defsig_rtred_inner.o ABSOLUTE
    ../clib/signal.c                         0x00000000   Number         0  defsig_stak_inner.o ABSOLUTE
    ../clib/signal.c                         0x00000000   Number         0  defsig_cppl_inner.o ABSOLUTE
    ../clib/signal.c                         0x00000000   Number         0  defsig_segv_inner.o ABSOLUTE
    ../clib/signal.c                         0x00000000   Number         0  defsig_other.o ABSOLUTE
    ../clib/signal.c                         0x00000000   Number         0  defsig_pvfn_outer.o ABSOLUTE
    ../clib/signal.c                         0x00000000   Number         0  defsig_pvfn_formal.o ABSOLUTE
    ../clib/signal.c                         0x00000000   Number         0  defsig_rtmem_inner.o ABSOLUTE
    ../clib/signal.c                         0x00000000   Number         0  defsig_abrt_formal.o ABSOLUTE
    ../clib/signal.c                         0x00000000   Number         0  defsig_abrt_outer.o ABSOLUTE
    ../clib/signal.c                         0x00000000   Number         0  defsig_rtmem_formal.o ABSOLUTE
    ../clib/signal.s                         0x00000000   Number         0  defsig.o ABSOLUTE
    ../clib/stdlib.c                         0x00000000   Number         0  exit.o ABSOLUTE
    ../clib/stdlib.c                         0x00000000   Number         0  abort.o ABSOLUTE
    ../fplib/fpinit.s                        0x00000000   Number         0  fpinit.o ABSOLUTE
    dc.s                                     0x00000000   Number         0  dc.o ABSOLUTE
    src\\main\\main.cpp                      0x00000000   Number         0  main.o ABSOLUTE
    src\\mcu_support_package\\system_stm32f4xx.c 0x00000000   Number         0  system_stm32f4xx.o ABSOLUTE
    src\\retarget\\retarget.cpp              0x00000000   Number         0  retarget.o ABSOLUTE
    src\\spl\\src\\misc.c                    0x00000000   Number         0  misc.o ABSOLUTE
    src\\spl\\src\\stm32f4xx_adc.c           0x00000000   Number         0  stm32f4xx_adc.o ABSOLUTE
    src\\spl\\src\\stm32f4xx_can.c           0x00000000   Number         0  stm32f4xx_can.o ABSOLUTE
    src\\spl\\src\\stm32f4xx_dma.c           0x00000000   Number         0  stm32f4xx_dma.o ABSOLUTE
    src\\spl\\src\\stm32f4xx_exti.c          0x00000000   Number         0  stm32f4xx_exti.o ABSOLUTE
    src\\spl\\src\\stm32f4xx_gpio.c          0x00000000   Number         0  stm32f4xx_gpio.o ABSOLUTE
    src\\spl\\src\\stm32f4xx_i2c.c           0x00000000   Number         0  stm32f4xx_i2c.o ABSOLUTE
    src\\spl\\src\\stm32f4xx_rcc.c           0x00000000   Number         0  stm32f4xx_rcc.o ABSOLUTE
    src\\spl\\src\\stm32f4xx_spi.c           0x00000000   Number         0  stm32f4xx_spi.o ABSOLUTE
    src\\spl\\src\\stm32f4xx_tim.c           0x00000000   Number         0  stm32f4xx_tim.o ABSOLUTE
    src\\spl\\src\\stm32f4xx_usart.c         0x00000000   Number         0  stm32f4xx_usart.o ABSOLUTE
    src\\time_service\\time_service.cpp      0x00000000   Number         0  time_service.o ABSOLUTE
    src\\uart\\uart_handle.cpp               0x00000000   Number         0  uart_handle.o ABSOLUTE
    src\main\main.cpp                        0x00000000   Number         0  main.o ABSOLUTE
    src\mcu_support_package\arm\startup_stm32f407xx.s 0x00000000   Number         0  startup_stm32f407xx.o ABSOLUTE
    src\mcu_support_package\system_stm32f4xx.c 0x00000000   Number         0  system_stm32f4xx.o ABSOLUTE
    src\retarget\retarget.cpp                0x00000000   Number         0  retarget.o ABSOLUTE
    src\spl\src\misc.c                       0x00000000   Number         0  misc.o ABSOLUTE
    src\spl\src\stm32f4xx_adc.c              0x00000000   Number         0  stm32f4xx_adc.o ABSOLUTE
    src\spl\src\stm32f4xx_can.c              0x00000000   Number         0  stm32f4xx_can.o ABSOLUTE
    src\spl\src\stm32f4xx_dma.c              0x00000000   Number         0  stm32f4xx_dma.o ABSOLUTE
    src\spl\src\stm32f4xx_exti.c             0x00000000   Number         0  stm32f4xx_exti.o ABSOLUTE
    src\spl\src\stm32f4xx_gpio.c             0x00000000   Number         0  stm32f4xx_gpio.o ABSOLUTE
    src\spl\src\stm32f4xx_i2c.c              0x00000000   Number         0  stm32f4xx_i2c.o ABSOLUTE
    src\spl\src\stm32f4xx_rcc.c              0x00000000   Number         0  stm32f4xx_rcc.o ABSOLUTE
    src\spl\src\stm32f4xx_spi.c              0x00000000   Number         0  stm32f4xx_spi.o ABSOLUTE
    src\spl\src\stm32f4xx_tim.c              0x00000000   Number         0  stm32f4xx_tim.o ABSOLUTE
    src\spl\src\stm32f4xx_usart.c            0x00000000   Number         0  stm32f4xx_usart.o ABSOLUTE
    src\time_service\time_service.cpp        0x00000000   Number         0  time_service.o ABSOLUTE
    src\uart\uart_handle.cpp                 0x00000000   Number         0  uart_handle.o ABSOLUTE
    RESET                                    0x08000000   Section      392  startup_stm32f407xx.o(RESET)
    !!!main                                  0x08000188   Section        8  __main.o(!!!main)
    !!!scatter                               0x08000190   Section       52  __scatter.o(!!!scatter)
    !!handler_copy                           0x080001c4   Section       26  __scatter_copy.o(!!handler_copy)
    !!handler_zi                             0x080001e0   Section       28  __scatter_zi.o(!!handler_zi)
    .ARM.Collect$$libinit$$00000000          0x080001fc   Section        2  libinit.o(.ARM.Collect$$libinit$$00000000)
    .ARM.Collect$$libinit$$00000001          0x080001fe   Section        4  libinit2.o(.ARM.Collect$$libinit$$00000001)
    .ARM.Collect$$libinit$$00000004          0x08000202   Section        0  libinit2.o(.ARM.Collect$$libinit$$00000004)
    .ARM.Collect$$libinit$$0000000A          0x08000202   Section        0  libinit2.o(.ARM.Collect$$libinit$$0000000A)
    .ARM.Collect$$libinit$$0000000C          0x08000202   Section        0  libinit2.o(.ARM.Collect$$libinit$$0000000C)
    .ARM.Collect$$libinit$$0000000E          0x08000202   Section        0  libinit2.o(.ARM.Collect$$libinit$$0000000E)
    .ARM.Collect$$libinit$$00000011          0x08000202   Section        0  libinit2.o(.ARM.Collect$$libinit$$00000011)
    .ARM.Collect$$libinit$$00000013          0x08000202   Section        0  libinit2.o(.ARM.Collect$$libinit$$00000013)
    .ARM.Collect$$libinit$$00000015          0x08000202   Section        0  libinit2.o(.ARM.Collect$$libinit$$00000015)
    .ARM.Collect$$libinit$$00000017          0x08000202   Section        0  libinit2.o(.ARM.Collect$$libinit$$00000017)
    .ARM.Collect$$libinit$$00000019          0x08000202   Section        0  libinit2.o(.ARM.Collect$$libinit$$00000019)
    .ARM.Collect$$libinit$$0000001B          0x08000202   Section        0  libinit2.o(.ARM.Collect$$libinit$$0000001B)
    .ARM.Collect$$libinit$$0000001D          0x08000202   Section        0  libinit2.o(.ARM.Collect$$libinit$$0000001D)
    .ARM.Collect$$libinit$$0000001F          0x08000202   Section        0  libinit2.o(.ARM.Collect$$libinit$$0000001F)
    .ARM.Collect$$libinit$$00000021          0x08000202   Section        0  libinit2.o(.ARM.Collect$$libinit$$00000021)
    .ARM.Collect$$libinit$$00000023          0x08000202   Section        0  libinit2.o(.ARM.Collect$$libinit$$00000023)
    .ARM.Collect$$libinit$$00000025          0x08000202   Section        0  libinit2.o(.ARM.Collect$$libinit$$00000025)
    .ARM.Collect$$libinit$$0000002C          0x08000202   Section        0  libinit2.o(.ARM.Collect$$libinit$$0000002C)
    .ARM.Collect$$libinit$$0000002E          0x08000202   Section        0  libinit2.o(.ARM.Collect$$libinit$$0000002E)
    .ARM.Collect$$libinit$$00000030          0x08000202   Section        0  libinit2.o(.ARM.Collect$$libinit$$00000030)
    .ARM.Collect$$libinit$$00000031          0x08000202   Section        4  libinit2.o(.ARM.Collect$$libinit$$00000031)
    .ARM.Collect$$libinit$$00000032          0x08000206   Section        0  libinit2.o(.ARM.Collect$$libinit$$00000032)
    .ARM.Collect$$libinit$$00000033          0x08000206   Section        2  libinit2.o(.ARM.Collect$$libinit$$00000033)
    .ARM.Collect$$libshutdown$$00000000      0x08000208   Section        2  libshutdown.o(.ARM.Collect$$libshutdown$$00000000)
    .ARM.Collect$$libshutdown$$00000002      0x0800020a   Section        0  libshutdown2.o(.ARM.Collect$$libshutdown$$00000002)
    .ARM.Collect$$libshutdown$$00000004      0x0800020a   Section        0  libshutdown2.o(.ARM.Collect$$libshutdown$$00000004)
    .ARM.Collect$$libshutdown$$00000007      0x0800020a   Section        0  libshutdown2.o(.ARM.Collect$$libshutdown$$00000007)
    .ARM.Collect$$libshutdown$$0000000A      0x0800020a   Section        0  libshutdown2.o(.ARM.Collect$$libshutdown$$0000000A)
    .ARM.Collect$$libshutdown$$0000000C      0x0800020a   Section        0  libshutdown2.o(.ARM.Collect$$libshutdown$$0000000C)
    .ARM.Collect$$libshutdown$$0000000F      0x0800020a   Section        0  libshutdown2.o(.ARM.Collect$$libshutdown$$0000000F)
    .ARM.Collect$$libshutdown$$00000010      0x0800020a   Section        2  libshutdown2.o(.ARM.Collect$$libshutdown$$00000010)
    .ARM.Collect$$rtentry$$00000000          0x0800020c   Section        0  __rtentry.o(.ARM.Collect$$rtentry$$00000000)
    .ARM.Collect$$rtentry$$00000002          0x0800020c   Section        0  __rtentry2.o(.ARM.Collect$$rtentry$$00000002)
    .ARM.Collect$$rtentry$$00000004          0x0800020c   Section        6  __rtentry4.o(.ARM.Collect$$rtentry$$00000004)
    .ARM.Collect$$rtentry$$00000009          0x08000212   Section        0  __rtentry2.o(.ARM.Collect$$rtentry$$00000009)
    .ARM.Collect$$rtentry$$0000000A          0x08000212   Section        4  __rtentry2.o(.ARM.Collect$$rtentry$$0000000A)
    .ARM.Collect$$rtentry$$0000000C          0x08000216   Section        0  __rtentry2.o(.ARM.Collect$$rtentry$$0000000C)
    .ARM.Collect$$rtentry$$0000000D          0x08000216   Section        8  __rtentry2.o(.ARM.Collect$$rtentry$$0000000D)
    .ARM.Collect$$rtexit$$00000000           0x0800021e   Section        2  rtexit.o(.ARM.Collect$$rtexit$$00000000)
    .ARM.Collect$$rtexit$$00000002           0x08000220   Section        0  rtexit2.o(.ARM.Collect$$rtexit$$00000002)
    .ARM.Collect$$rtexit$$00000003           0x08000220   Section        4  rtexit2.o(.ARM.Collect$$rtexit$$00000003)
    .ARM.Collect$$rtexit$$00000004           0x08000224   Section        6  rtexit2.o(.ARM.Collect$$rtexit$$00000004)
    .text                                    0x0800022c   Section       60  startup_stm32f407xx.o(.text)
    $v0                                      0x0800022c   Number         0  startup_stm32f407xx.o(.text)
    .text                                    0x08000268   Section        2  use_no_semi.o(.text)
    .text                                    0x0800026a   Section       68  rt_memclr.o(.text)
    .text                                    0x080002ae   Section        0  heapauxi.o(.text)
    .text                                    0x080002b4   Section        0  init_aeabi.o(.text)
    .text                                    0x080002d8   Section       78  rt_memclr_w.o(.text)
    .text                                    0x08000328   Section        8  libspace.o(.text)
    .text                                    0x08000330   Section       74  sys_stackheap_outer.o(.text)
    .text                                    0x0800037a   Section        0  exit.o(.text)
    i.SysTick_Handler                        0x0800038c   Section        0  time_service.o(i.SysTick_Handler)
    i.SystemInit                             0x0800039c   Section        0  system_stm32f4xx.o(i.SystemInit)
    i.USART2_IRQHandler                      0x08000400   Section        0  uart_handle.o(i.USART2_IRQHandler)
    i.USART_ClearITPendingBit                0x08000410   Section        0  stm32f4xx_usart.o(i.USART_ClearITPendingBit)
    i._Z13__get_PRIMASKv                     0x08000514   Section        0  uart_handle.o(i._Z13__get_PRIMASKv)
    __get_PRIMASK()                          0x08000515   Thumb Code     6  uart_handle.o(i._Z13__get_PRIMASKv)
    i._ZN12time_service4initEv               0x0800051c   Section        0  time_service.o(i._ZN12time_service4initEv)
    i._ZN12time_service9startTimeEv          0x08000588   Section        0  time_service.o(i._ZN12time_service9startTimeEv)
    i._ZN4uart6Handle10irqHandlerEv          0x0800059a   Section        0  uart_handle.o(i._ZN4uart6Handle10irqHandlerEv)
    i._ZN4uart6Handle18disableTransmit485Ev  0x080006a0   Section        0  uart_handle.o(i._ZN4uart6Handle18disableTransmit485Ev)
    i._ZN4uart6HandleC1Ev                    0x080006b4   Section        0  uart_handle.o(i._ZN4uart6HandleC1Ev)
    i._ZN4uart6HandleD1Ev                    0x08000744   Section        0  uart_handle.o(i._ZN4uart6HandleD1Ev)
    i.__aeabi_atexit                         0x08000748   Section        0  retarget.o(i.__aeabi_atexit)
    i.__sti___15_uart_handle_cpp_934b4167    0x0800074c   Section        0  uart_handle.o(i.__sti___15_uart_handle_cpp_934b4167)
    __sti___15_uart_handle_cpp_934b4167      0x0800074d   Thumb Code    20  uart_handle.o(i.__sti___15_uart_handle_cpp_934b4167)
    i._sys_exit                              0x0800076c   Section        0  retarget.o(i._sys_exit)
    i.assert_failed                          0x08000770   Section        0  retarget.o(i.assert_failed)
    i.main                                   0x0800077a   Section        0  main.o(i.main)
    t._ZNV14CircularBufferIhLj255EE9writeHeadEh 0x08000788   Section        0  uart_handle.o(t._ZNV14CircularBufferIhLj255EE9writeHeadEh)
    x$fpl$fpinit                             0x080007f4   Section       10  fpinit.o(x$fpl$fpinit)
    $v0                                      0x080007f4   Number         0  fpinit.o(x$fpl$fpinit)
    .constdata                               0x080007fe   Section       61  retarget.o(.constdata)
    __tagsym$$used                           0x080007fe   Number         0  retarget.o(.constdata)
    date_time_commit                         0x080007fe   Data          61  retarget.o(.constdata)
    .constdata__ZTV11ISerialPort             0x0800083c   Section       80  uart_handle.o(.constdata__ZTV11ISerialPort)
    .constdata__ZTVN4uart6HandleE            0x0800088c   Section       80  uart_handle.o(.constdata__ZTVN4uart6HandleE)
    .init_array                              0x080008fc   Section        4  uart_handle.o(.init_array)
    .init_array                              0x08000900   Section        0  init_aeabi.o(.init_array)
    .data                                    0x20000000   Section        1  uart_handle.o(.data)
    .data                                    0x20000004   Section        4  system_stm32f4xx.o(.data)
    .data                                    0x20000008   Section        4  time_service.o(.data)
    .bss                                     0x2000000c   Section      580  uart_handle.o(.bss)
    .bss                                     0x20000250   Section       96  libspace.o(.bss)
    HEAP                                     0x200002b0   Section        0  startup_stm32f407xx.o(HEAP)
    STACK                                    0x200002b0   Section     1024  startup_stm32f407xx.o(STACK)
    Heap_Mem                                 0x200002b0   Data           0  startup_stm32f407xx.o(HEAP)
    Stack_Mem                                0x200002b0   Data        1024  startup_stm32f407xx.o(STACK)
    __initial_sp                             0x200006b0   Data           0  startup_stm32f407xx.o(STACK)

    Global Symbols

    Symbol Name                              Value     Ov Type        Size  Object(Section)

    BuildAttributes$$THM_ISAv4$E$P$D$K$B$S$7EM$VFPi3$EXTD16$VFPS$VFMA$PE$A:L22UL41UL21$X:L11$S22US41US21$IEEE1$IW$USESV6$~STKCKD$USESV7$~SHL$OTIME$ROPI$EBA8$UX$STANDARDLIB$REQ8$PRES8$EABIv2 0x00000000   Number         0  anon$$obj.o ABSOLUTE
    __ARM_use_no_argv                        0x00000000   Number         0  main.o ABSOLUTE
    __ARM::default_unexpected_handler()       - Undefined Weak Reference
    __ARM_exceptions_buffer_required          - Undefined Weak Reference
    __ARM_exceptions_init                     - Undefined Weak Reference
    __alloca_initialize                       - Undefined Weak Reference
    __arm_preinit_                            - Undefined Weak Reference
    __cxa_finalize                            - Undefined Weak Reference
    __rt_locale                               - Undefined Weak Reference
    __sigvec_lookup                           - Undefined Weak Reference
    __user_heap_extent                        - Undefined Weak Reference
    _atexit_init                              - Undefined Weak Reference
    _call_atexit_fns                          - Undefined Weak Reference
    _clock_init                               - Undefined Weak Reference
    _fp_trap_init                             - Undefined Weak Reference
    _fp_trap_shutdown                         - Undefined Weak Reference
    _get_lc_collate                           - Undefined Weak Reference
    _get_lc_ctype                             - Undefined Weak Reference
    _get_lc_monetary                          - Undefined Weak Reference
    _get_lc_numeric                           - Undefined Weak Reference
    _get_lc_time                              - Undefined Weak Reference
    _getenv_init                              - Undefined Weak Reference
    _handle_redirection                       - Undefined Weak Reference
    _initio                                   - Undefined Weak Reference
    _mutex_acquire                            - Undefined Weak Reference
    _mutex_free                               - Undefined Weak Reference
    _mutex_release                            - Undefined Weak Reference
    _rand_init                                - Undefined Weak Reference
    _signal_finish                            - Undefined Weak Reference
    _signal_init                              - Undefined Weak Reference
    _terminateio                              - Undefined Weak Reference
    __Vectors_Size                           0x00000188   Number         0  startup_stm32f407xx.o ABSOLUTE
    __Vectors                                0x08000000   Data           4  startup_stm32f407xx.o(RESET)
    __dso_handle                             0x08000000   Number         0  startup_stm32f407xx.o(RESET)
    __Vectors_End                            0x08000188   Data           0  startup_stm32f407xx.o(RESET)
    __main                                   0x08000189   Thumb Code     8  __main.o(!!!main)
    __scatterload                            0x08000191   Thumb Code     0  __scatter.o(!!!scatter)
    __scatterload_rt2                        0x08000191   Thumb Code    44  __scatter.o(!!!scatter)
    __scatterload_rt2_thumb_only             0x08000191   Thumb Code     0  __scatter.o(!!!scatter)
    __scatterload_null                       0x0800019f   Thumb Code     0  __scatter.o(!!!scatter)
    __scatterload_copy                       0x080001c5   Thumb Code    26  __scatter_copy.o(!!handler_copy)
    __scatterload_zeroinit                   0x080001e1   Thumb Code    28  __scatter_zi.o(!!handler_zi)
    __rt_lib_init                            0x080001fd   Thumb Code     0  libinit.o(.ARM.Collect$$libinit$$00000000)
    __rt_lib_init_fp_1                       0x080001ff   Thumb Code     0  libinit2.o(.ARM.Collect$$libinit$$00000001)
    __rt_lib_init_alloca_1                   0x08000203   Thumb Code     0  libinit2.o(.ARM.Collect$$libinit$$0000002E)
    __rt_lib_init_argv_1                     0x08000203   Thumb Code     0  libinit2.o(.ARM.Collect$$libinit$$0000002C)
    __rt_lib_init_atexit_1                   0x08000203   Thumb Code     0  libinit2.o(.ARM.Collect$$libinit$$0000001B)
    __rt_lib_init_clock_1                    0x08000203   Thumb Code     0  libinit2.o(.ARM.Collect$$libinit$$00000021)
    __rt_lib_init_cpp_2                      0x08000203   Thumb Code     0  libinit2.o(.ARM.Collect$$libinit$$00000031)
    __rt_lib_init_exceptions_1               0x08000203   Thumb Code     0  libinit2.o(.ARM.Collect$$libinit$$00000030)
    __rt_lib_init_fp_trap_1                  0x08000203   Thumb Code     0  libinit2.o(.ARM.Collect$$libinit$$0000001F)
    __rt_lib_init_getenv_1                   0x08000203   Thumb Code     0  libinit2.o(.ARM.Collect$$libinit$$00000023)
    __rt_lib_init_heap_1                     0x08000203   Thumb Code     0  libinit2.o(.ARM.Collect$$libinit$$0000000A)
    __rt_lib_init_lc_collate_1               0x08000203   Thumb Code     0  libinit2.o(.ARM.Collect$$libinit$$00000011)
    __rt_lib_init_lc_ctype_1                 0x08000203   Thumb Code     0  libinit2.o(.ARM.Collect$$libinit$$00000013)
    __rt_lib_init_lc_monetary_1              0x08000203   Thumb Code     0  libinit2.o(.ARM.Collect$$libinit$$00000015)
    __rt_lib_init_lc_numeric_1               0x08000203   Thumb Code     0  libinit2.o(.ARM.Collect$$libinit$$00000017)
    __rt_lib_init_lc_time_1                  0x08000203   Thumb Code     0  libinit2.o(.ARM.Collect$$libinit$$00000019)
    __rt_lib_init_preinit_1                  0x08000203   Thumb Code     0  libinit2.o(.ARM.Collect$$libinit$$00000004)
    __rt_lib_init_rand_1                     0x08000203   Thumb Code     0  libinit2.o(.ARM.Collect$$libinit$$0000000E)
    __rt_lib_init_signal_1                   0x08000203   Thumb Code     0  libinit2.o(.ARM.Collect$$libinit$$0000001D)
    __rt_lib_init_stdio_1                    0x08000203   Thumb Code     0  libinit2.o(.ARM.Collect$$libinit$$00000025)
    __rt_lib_init_user_alloc_1               0x08000203   Thumb Code     0  libinit2.o(.ARM.Collect$$libinit$$0000000C)
    __rt_lib_init_cpp_1                      0x08000207   Thumb Code     0  libinit2.o(.ARM.Collect$$libinit$$00000032)
    __rt_lib_init_return                     0x08000207   Thumb Code     0  libinit2.o(.ARM.Collect$$libinit$$00000033)
    __rt_lib_shutdown                        0x08000209   Thumb Code     0  libshutdown.o(.ARM.Collect$$libshutdown$$00000000)
    __rt_lib_shutdown_cpp_1                  0x0800020b   Thumb Code     0  libshutdown2.o(.ARM.Collect$$libshutdown$$00000002)
    __rt_lib_shutdown_fp_trap_1              0x0800020b   Thumb Code     0  libshutdown2.o(.ARM.Collect$$libshutdown$$00000007)
    __rt_lib_shutdown_heap_1                 0x0800020b   Thumb Code     0  libshutdown2.o(.ARM.Collect$$libshutdown$$0000000F)
    __rt_lib_shutdown_return                 0x0800020b   Thumb Code     0  libshutdown2.o(.ARM.Collect$$libshutdown$$00000010)
    __rt_lib_shutdown_signal_1               0x0800020b   Thumb Code     0  libshutdown2.o(.ARM.Collect$$libshutdown$$0000000A)
    __rt_lib_shutdown_stdio_1                0x0800020b   Thumb Code     0  libshutdown2.o(.ARM.Collect$$libshutdown$$00000004)
    __rt_lib_shutdown_user_alloc_1           0x0800020b   Thumb Code     0  libshutdown2.o(.ARM.Collect$$libshutdown$$0000000C)
    __rt_entry                               0x0800020d   Thumb Code     0  __rtentry.o(.ARM.Collect$$rtentry$$00000000)
    __rt_entry_presh_1                       0x0800020d   Thumb Code     0  __rtentry2.o(.ARM.Collect$$rtentry$$00000002)
    __rt_entry_sh                            0x0800020d   Thumb Code     0  __rtentry4.o(.ARM.Collect$$rtentry$$00000004)
    __rt_entry_li                            0x08000213   Thumb Code     0  __rtentry2.o(.ARM.Collect$$rtentry$$0000000A)
    __rt_entry_postsh_1                      0x08000213   Thumb Code     0  __rtentry2.o(.ARM.Collect$$rtentry$$00000009)
    __rt_entry_main                          0x08000217   Thumb Code     0  __rtentry2.o(.ARM.Collect$$rtentry$$0000000D)
    __rt_entry_postli_1                      0x08000217   Thumb Code     0  __rtentry2.o(.ARM.Collect$$rtentry$$0000000C)
    __rt_exit                                0x0800021f   Thumb Code     0  rtexit.o(.ARM.Collect$$rtexit$$00000000)
    __rt_exit_ls                             0x08000221   Thumb Code     0  rtexit2.o(.ARM.Collect$$rtexit$$00000003)
    __rt_exit_prels_1                        0x08000221   Thumb Code     0  rtexit2.o(.ARM.Collect$$rtexit$$00000002)
    __rt_exit_exit                           0x08000225   Thumb Code     0  rtexit2.o(.ARM.Collect$$rtexit$$00000004)
    Reset_Handler                            0x0800022d   Thumb Code     8  startup_stm32f407xx.o(.text)
    NMI_Handler                              0x08000235   Thumb Code     2  startup_stm32f407xx.o(.text)
    HardFault_Handler                        0x08000237   Thumb Code     2  startup_stm32f407xx.o(.text)
    MemManage_Handler                        0x08000239   Thumb Code     2  startup_stm32f407xx.o(.text)
    BusFault_Handler                         0x0800023b   Thumb Code     2  startup_stm32f407xx.o(.text)
    UsageFault_Handler                       0x0800023d   Thumb Code     2  startup_stm32f407xx.o(.text)
    SVC_Handler                              0x0800023f   Thumb Code     2  startup_stm32f407xx.o(.text)
    DebugMon_Handler                         0x08000241   Thumb Code     2  startup_stm32f407xx.o(.text)
    PendSV_Handler                           0x08000243   Thumb Code     2  startup_stm32f407xx.o(.text)
    ADC_IRQHandler                           0x08000247   Thumb Code     0  startup_stm32f407xx.o(.text)
    CAN1_RX0_IRQHandler                      0x08000247   Thumb Code     0  startup_stm32f407xx.o(.text)
    CAN1_RX1_IRQHandler                      0x08000247   Thumb Code     0  startup_stm32f407xx.o(.text)
    CAN1_SCE_IRQHandler                      0x08000247   Thumb Code     0  startup_stm32f407xx.o(.text)
    CAN1_TX_IRQHandler                       0x08000247   Thumb Code     0  startup_stm32f407xx.o(.text)
    CAN2_RX0_IRQHandler                      0x08000247   Thumb Code     0  startup_stm32f407xx.o(.text)
    CAN2_RX1_IRQHandler                      0x08000247   Thumb Code     0  startup_stm32f407xx.o(.text)
    CAN2_SCE_IRQHandler                      0x08000247   Thumb Code     0  startup_stm32f407xx.o(.text)
    CAN2_TX_IRQHandler                       0x08000247   Thumb Code     0  startup_stm32f407xx.o(.text)
    DCMI_IRQHandler                          0x08000247   Thumb Code     0  startup_stm32f407xx.o(.text)
    DMA1_Stream0_IRQHandler                  0x08000247   Thumb Code     0  startup_stm32f407xx.o(.text)
    DMA1_Stream1_IRQHandler                  0x08000247   Thumb Code     0  startup_stm32f407xx.o(.text)
    DMA1_Stream2_IRQHandler                  0x08000247   Thumb Code     0  startup_stm32f407xx.o(.text)
    DMA1_Stream3_IRQHandler                  0x08000247   Thumb Code     0  startup_stm32f407xx.o(.text)
    DMA1_Stream4_IRQHandler                  0x08000247   Thumb Code     0  startup_stm32f407xx.o(.text)
    DMA1_Stream5_IRQHandler                  0x08000247   Thumb Code     0  startup_stm32f407xx.o(.text)
    DMA1_Stream6_IRQHandler                  0x08000247   Thumb Code     0  startup_stm32f407xx.o(.text)
    DMA1_Stream7_IRQHandler                  0x08000247   Thumb Code     0  startup_stm32f407xx.o(.text)
    DMA2_Stream0_IRQHandler                  0x08000247   Thumb Code     0  startup_stm32f407xx.o(.text)
    DMA2_Stream1_IRQHandler                  0x08000247   Thumb Code     0  startup_stm32f407xx.o(.text)
    DMA2_Stream2_IRQHandler                  0x08000247   Thumb Code     0  startup_stm32f407xx.o(.text)
    DMA2_Stream3_IRQHandler                  0x08000247   Thumb Code     0  startup_stm32f407xx.o(.text)
    DMA2_Stream4_IRQHandler                  0x08000247   Thumb Code     0  startup_stm32f407xx.o(.text)
    DMA2_Stream5_IRQHandler                  0x08000247   Thumb Code     0  startup_stm32f407xx.o(.text)
    DMA2_Stream6_IRQHandler                  0x08000247   Thumb Code     0  startup_stm32f407xx.o(.text)
    DMA2_Stream7_IRQHandler                  0x08000247   Thumb Code     0  startup_stm32f407xx.o(.text)
    ETH_IRQHandler                           0x08000247   Thumb Code     0  startup_stm32f407xx.o(.text)
    ETH_WKUP_IRQHandler                      0x08000247   Thumb Code     0  startup_stm32f407xx.o(.text)
    EXTI0_IRQHandler                         0x08000247   Thumb Code     0  startup_stm32f407xx.o(.text)
    EXTI15_10_IRQHandler                     0x08000247   Thumb Code     0  startup_stm32f407xx.o(.text)
    EXTI1_IRQHandler                         0x08000247   Thumb Code     0  startup_stm32f407xx.o(.text)
    EXTI2_IRQHandler                         0x08000247   Thumb Code     0  startup_stm32f407xx.o(.text)
    EXTI3_IRQHandler                         0x08000247   Thumb Code     0  startup_stm32f407xx.o(.text)
    EXTI4_IRQHandler                         0x08000247   Thumb Code     0  startup_stm32f407xx.o(.text)
    EXTI9_5_IRQHandler                       0x08000247   Thumb Code     0  startup_stm32f407xx.o(.text)
    FLASH_IRQHandler                         0x08000247   Thumb Code     0  startup_stm32f407xx.o(.text)
    FMC_IRQHandler                           0x08000247   Thumb Code     0  startup_stm32f407xx.o(.text)
    FPU_IRQHandler                           0x08000247   Thumb Code     0  startup_stm32f407xx.o(.text)
    HASH_RNG_IRQHandler                      0x08000247   Thumb Code     0  startup_stm32f407xx.o(.text)
    I2C1_ER_IRQHandler                       0x08000247   Thumb Code     0  startup_stm32f407xx.o(.text)
    I2C1_EV_IRQHandler                       0x08000247   Thumb Code     0  startup_stm32f407xx.o(.text)
    I2C2_ER_IRQHandler                       0x08000247   Thumb Code     0  startup_stm32f407xx.o(.text)
    I2C2_EV_IRQHandler                       0x08000247   Thumb Code     0  startup_stm32f407xx.o(.text)
    I2C3_ER_IRQHandler                       0x08000247   Thumb Code     0  startup_stm32f407xx.o(.text)
    I2C3_EV_IRQHandler                       0x08000247   Thumb Code     0  startup_stm32f407xx.o(.text)
    OTG_FS_IRQHandler                        0x08000247   Thumb Code     0  startup_stm32f407xx.o(.text)
    OTG_FS_WKUP_IRQHandler                   0x08000247   Thumb Code     0  startup_stm32f407xx.o(.text)
    OTG_HS_EP1_IN_IRQHandler                 0x08000247   Thumb Code     0  startup_stm32f407xx.o(.text)
    OTG_HS_EP1_OUT_IRQHandler                0x08000247   Thumb Code     0  startup_stm32f407xx.o(.text)
    OTG_HS_IRQHandler                        0x08000247   Thumb Code     0  startup_stm32f407xx.o(.text)
    OTG_HS_WKUP_IRQHandler                   0x08000247   Thumb Code     0  startup_stm32f407xx.o(.text)
    PVD_IRQHandler                           0x08000247   Thumb Code     0  startup_stm32f407xx.o(.text)
    RCC_IRQHandler                           0x08000247   Thumb Code     0  startup_stm32f407xx.o(.text)
    RTC_Alarm_IRQHandler                     0x08000247   Thumb Code     0  startup_stm32f407xx.o(.text)
    RTC_WKUP_IRQHandler                      0x08000247   Thumb Code     0  startup_stm32f407xx.o(.text)
    SDIO_IRQHandler                          0x08000247   Thumb Code     0  startup_stm32f407xx.o(.text)
    SPI1_IRQHandler                          0x08000247   Thumb Code     0  startup_stm32f407xx.o(.text)
    SPI2_IRQHandler                          0x08000247   Thumb Code     0  startup_stm32f407xx.o(.text)
    SPI3_IRQHandler                          0x08000247   Thumb Code     0  startup_stm32f407xx.o(.text)
    TAMP_STAMP_IRQHandler                    0x08000247   Thumb Code     0  startup_stm32f407xx.o(.text)
    TIM1_BRK_TIM9_IRQHandler                 0x08000247   Thumb Code     0  startup_stm32f407xx.o(.text)
    TIM1_CC_IRQHandler                       0x08000247   Thumb Code     0  startup_stm32f407xx.o(.text)
    TIM1_TRG_COM_TIM11_IRQHandler            0x08000247   Thumb Code     0  startup_stm32f407xx.o(.text)
    TIM1_UP_TIM10_IRQHandler                 0x08000247   Thumb Code     0  startup_stm32f407xx.o(.text)
    TIM2_IRQHandler                          0x08000247   Thumb Code     0  startup_stm32f407xx.o(.text)
    TIM3_IRQHandler                          0x08000247   Thumb Code     0  startup_stm32f407xx.o(.text)
    TIM4_IRQHandler                          0x08000247   Thumb Code     0  startup_stm32f407xx.o(.text)
    TIM5_IRQHandler                          0x08000247   Thumb Code     0  startup_stm32f407xx.o(.text)
    TIM6_DAC_IRQHandler                      0x08000247   Thumb Code     0  startup_stm32f407xx.o(.text)
    TIM7_IRQHandler                          0x08000247   Thumb Code     0  startup_stm32f407xx.o(.text)
    TIM8_BRK_TIM12_IRQHandler                0x08000247   Thumb Code     0  startup_stm32f407xx.o(.text)
    TIM8_CC_IRQHandler                       0x08000247   Thumb Code     0  startup_stm32f407xx.o(.text)
    TIM8_TRG_COM_TIM14_IRQHandler            0x08000247   Thumb Code     0  startup_stm32f407xx.o(.text)
    TIM8_UP_TIM13_IRQHandler                 0x08000247   Thumb Code     0  startup_stm32f407xx.o(.text)
    UART4_IRQHandler                         0x08000247   Thumb Code     0  startup_stm32f407xx.o(.text)
    UART5_IRQHandler                         0x08000247   Thumb Code     0  startup_stm32f407xx.o(.text)
    USART1_IRQHandler                        0x08000247   Thumb Code     0  startup_stm32f407xx.o(.text)
    USART3_IRQHandler                        0x08000247   Thumb Code     0  startup_stm32f407xx.o(.text)
    USART6_IRQHandler                        0x08000247   Thumb Code     0  startup_stm32f407xx.o(.text)
    WWDG_IRQHandler                          0x08000247   Thumb Code     0  startup_stm32f407xx.o(.text)
    __user_initial_stackheap                 0x08000249   Thumb Code     0  startup_stm32f407xx.o(.text)
    __semihosting$guard                      0x08000269   Thumb Code     0  use_no_semi.o(.text)
    __use_no_semihosting_swi                 0x08000269   Thumb Code     2  use_no_semi.o(.text)
    __aeabi_memclr                           0x0800026b   Thumb Code     0  rt_memclr.o(.text)
    __rt_memclr                              0x0800026b   Thumb Code    68  rt_memclr.o(.text)
    _memset                                  0x0800026f   Thumb Code     0  rt_memclr.o(.text)
    __use_two_region_memory                  0x080002af   Thumb Code     2  heapauxi.o(.text)
    __rt_heap_escrow                         0x080002b1   Thumb Code     2  heapauxi.o(.text)
    __rt_heap_expand                         0x080002b3   Thumb Code     2  heapauxi.o(.text)
    __cpp_initialize__aeabi_                 0x080002b5   Thumb Code    26  init_aeabi.o(.text)
    __aeabi_memclr4                          0x080002d9   Thumb Code     0  rt_memclr_w.o(.text)
    __aeabi_memclr8                          0x080002d9   Thumb Code     0  rt_memclr_w.o(.text)
    __rt_memclr_w                            0x080002d9   Thumb Code    78  rt_memclr_w.o(.text)
    _memset_w                                0x080002dd   Thumb Code     0  rt_memclr_w.o(.text)
    __user_libspace                          0x08000329   Thumb Code     8  libspace.o(.text)
    __user_perproc_libspace                  0x08000329   Thumb Code     0  libspace.o(.text)
    __user_perthread_libspace                0x08000329   Thumb Code     0  libspace.o(.text)
    __user_setup_stackheap                   0x08000331   Thumb Code    74  sys_stackheap_outer.o(.text)
    exit                                     0x0800037b   Thumb Code    18  exit.o(.text)
    SysTick_Handler                          0x0800038d   Thumb Code    12  time_service.o(i.SysTick_Handler)
    SystemInit                               0x0800039d   Thumb Code    82  system_stm32f4xx.o(i.SystemInit)
    USART2_IRQHandler                        0x08000401   Thumb Code    10  uart_handle.o(i.USART2_IRQHandler)
    USART_ClearITPendingBit                  0x08000411   Thumb Code   188  stm32f4xx_usart.o(i.USART_ClearITPendingBit)
    time_service::init()                     0x0800051d   Thumb Code    96  time_service.o(i._ZN12time_service4initEv)
    time_service::startTime()                0x08000589   Thumb Code    18  time_service.o(i._ZN12time_service9startTimeEv)
    uart::Handle::irqHandler()               0x0800059b   Thumb Code   262  uart_handle.o(i._ZN4uart6Handle10irqHandlerEv)
    uart::Handle::disableTransmit485()       0x080006a1   Thumb Code    18  uart_handle.o(i._ZN4uart6Handle18disableTransmit485Ev)
    uart::Handle::Handle()                   0x080006b5   Thumb Code   132  uart_handle.o(i._ZN4uart6HandleC1Ev)
    uart::Handle::Handle__sub_object()       0x080006b5   Thumb Code     0  uart_handle.o(i._ZN4uart6HandleC1Ev)
    uart::Handle::~Handle()                  0x08000745   Thumb Code     4  uart_handle.o(i._ZN4uart6HandleD1Ev)
    uart::Handle::~Handle__sub_object()      0x08000745   Thumb Code     0  uart_handle.o(i._ZN4uart6HandleD1Ev)
    __aeabi_atexit                           0x08000749   Thumb Code     4  retarget.o(i.__aeabi_atexit)
    _sys_exit                                0x0800076d   Thumb Code     4  retarget.o(i._sys_exit)
    assert_failed                            0x08000771   Thumb Code    10  retarget.o(i.assert_failed)
    main                                     0x0800077b   Thumb Code    14  main.o(i.main)
    CircularBuffer<unsigned char, (unsigned)255>::writeHead(unsigned char) volatile 0x08000789   Thumb Code   108  uart_handle.o(t._ZNV14CircularBufferIhLj255EE9writeHeadEh)
    _fp_init                                 0x080007f5   Thumb Code    10  fpinit.o(x$fpl$fpinit)
    __fplib_config_fpu_vfp                   0x080007fd   Thumb Code     0  fpinit.o(x$fpl$fpinit)
    __fplib_config_pureend_doubles           0x080007fd   Thumb Code     0  fpinit.o(x$fpl$fpinit)
    vtable for ISerialPort                   0x0800083c   Data          80  uart_handle.o(.constdata__ZTV11ISerialPort)
    vtable for uart::Handle                  0x0800088c   Data          80  uart_handle.o(.constdata__ZTVN4uart6HandleE)
    Region$$Table$$Base                      0x080008dc   Number         0  anon$$obj.o(Region$$Table)
    Region$$Table$$Limit                     0x080008fc   Number         0  anon$$obj.o(Region$$Table)
    SHT$$INIT_ARRAY$$Base                    0x080008fc   Number         0  uart_handle.o(.init_array)
    SHT$$INIT_ARRAY$$Limit                   0x08000900   Number         0  init_aeabi.o(.init_array)
    uart::Handle::handlesCounter             0x20000000   Data           1  uart_handle.o(.data)
    SystemCoreClock                          0x20000004   Data           4  system_stm32f4xx.o(.data)
    time_service::systemTime                 0x20000008   Data           4  time_service.o(.data)
    uart::uart2                              0x2000000c   Data         580  uart_handle.o(.bss)
    __libspace_start                         0x20000250   Data          96  libspace.o(.bss)
    __temporary_stack_top$libspace           0x200002b0   Data           0  libspace.o(.bss)



==============================================================================

Memory Map of the image

  Image Entry point : 0x0800022d

  Load Region LR_1 (Base: 0x08000000, Size: 0x0000090c, Max: 0xffffffff, ABSOLUTE)

    Execution Region ER_RO (Exec base: 0x08000000, Load base: 0x08000000, Size: 0x00000900, Max: 0xffffffff, ABSOLUTE)

    Exec Addr    Load Addr    Size         Type   Attr      Idx    E Section Name        Object

    0x08000000   0x08000000   0x00000188   Data   RO         3060    RESET               startup_stm32f407xx.o
    0x08000188   0x08000188   0x00000008   Code   RO         3239  * !!!main             c_w.l(__main.o)
    0x08000190   0x08000190   0x00000034   Code   RO         3659    !!!scatter          c_w.l(__scatter.o)
    0x080001c4   0x080001c4   0x0000001a   Code   RO         3661    !!handler_copy      c_w.l(__scatter_copy.o)
    0x080001de   0x080001de   0x00000002   PAD
    0x080001e0   0x080001e0   0x0000001c   Code   RO         3663    !!handler_zi        c_w.l(__scatter_zi.o)
    0x080001fc   0x080001fc   0x00000002   Code   RO         3595    .ARM.Collect$$libinit$$00000000  c_w.l(libinit.o)
    0x080001fe   0x080001fe   0x00000004   Code   RO         3422    .ARM.Collect$$libinit$$00000001  c_w.l(libinit2.o)
    0x08000202   0x08000202   0x00000000   Code   RO         3425    .ARM.Collect$$libinit$$00000004  c_w.l(libinit2.o)
    0x08000202   0x08000202   0x00000000   Code   RO         3428    .ARM.Collect$$libinit$$0000000A  c_w.l(libinit2.o)
    0x08000202   0x08000202   0x00000000   Code   RO         3430    .ARM.Collect$$libinit$$0000000C  c_w.l(libinit2.o)
    0x08000202   0x08000202   0x00000000   Code   RO         3432    .ARM.Collect$$libinit$$0000000E  c_w.l(libinit2.o)
    0x08000202   0x08000202   0x00000000   Code   RO         3435    .ARM.Collect$$libinit$$00000011  c_w.l(libinit2.o)
    0x08000202   0x08000202   0x00000000   Code   RO         3437    .ARM.Collect$$libinit$$00000013  c_w.l(libinit2.o)
    0x08000202   0x08000202   0x00000000   Code   RO         3439    .ARM.Collect$$libinit$$00000015  c_w.l(libinit2.o)
    0x08000202   0x08000202   0x00000000   Code   RO         3441    .ARM.Collect$$libinit$$00000017  c_w.l(libinit2.o)
    0x08000202   0x08000202   0x00000000   Code   RO         3443    .ARM.Collect$$libinit$$00000019  c_w.l(libinit2.o)
    0x08000202   0x08000202   0x00000000   Code   RO         3445    .ARM.Collect$$libinit$$0000001B  c_w.l(libinit2.o)
    0x08000202   0x08000202   0x00000000   Code   RO         3447    .ARM.Collect$$libinit$$0000001D  c_w.l(libinit2.o)
    0x08000202   0x08000202   0x00000000   Code   RO         3449    .ARM.Collect$$libinit$$0000001F  c_w.l(libinit2.o)
    0x08000202   0x08000202   0x00000000   Code   RO         3451    .ARM.Collect$$libinit$$00000021  c_w.l(libinit2.o)
    0x08000202   0x08000202   0x00000000   Code   RO         3453    .ARM.Collect$$libinit$$00000023  c_w.l(libinit2.o)
    0x08000202   0x08000202   0x00000000   Code   RO         3455    .ARM.Collect$$libinit$$00000025  c_w.l(libinit2.o)
    0x08000202   0x08000202   0x00000000   Code   RO         3459    .ARM.Collect$$libinit$$0000002C  c_w.l(libinit2.o)
    0x08000202   0x08000202   0x00000000   Code   RO         3461    .ARM.Collect$$libinit$$0000002E  c_w.l(libinit2.o)
    0x08000202   0x08000202   0x00000000   Code   RO         3463    .ARM.Collect$$libinit$$00000030  c_w.l(libinit2.o)
    0x08000202   0x08000202   0x00000004   Code   RO         3464    .ARM.Collect$$libinit$$00000031  c_w.l(libinit2.o)
    0x08000206   0x08000206   0x00000000   Code   RO         3465    .ARM.Collect$$libinit$$00000032  c_w.l(libinit2.o)
    0x08000206   0x08000206   0x00000002   Code   RO         3466    .ARM.Collect$$libinit$$00000033  c_w.l(libinit2.o)
    0x08000208   0x08000208   0x00000002   Code   RO         3656    .ARM.Collect$$libshutdown$$00000000  c_w.l(libshutdown.o)
    0x0800020a   0x0800020a   0x00000000   Code   RO         3639    .ARM.Collect$$libshutdown$$00000002  c_w.l(libshutdown2.o)
    0x0800020a   0x0800020a   0x00000000   Code   RO         3641    .ARM.Collect$$libshutdown$$00000004  c_w.l(libshutdown2.o)
    0x0800020a   0x0800020a   0x00000000   Code   RO         3644    .ARM.Collect$$libshutdown$$00000007  c_w.l(libshutdown2.o)
    0x0800020a   0x0800020a   0x00000000   Code   RO         3647    .ARM.Collect$$libshutdown$$0000000A  c_w.l(libshutdown2.o)
    0x0800020a   0x0800020a   0x00000000   Code   RO         3649    .ARM.Collect$$libshutdown$$0000000C  c_w.l(libshutdown2.o)
    0x0800020a   0x0800020a   0x00000000   Code   RO         3652    .ARM.Collect$$libshutdown$$0000000F  c_w.l(libshutdown2.o)
    0x0800020a   0x0800020a   0x00000002   Code   RO         3653    .ARM.Collect$$libshutdown$$00000010  c_w.l(libshutdown2.o)
    0x0800020c   0x0800020c   0x00000000   Code   RO         3359    .ARM.Collect$$rtentry$$00000000  c_w.l(__rtentry.o)
    0x0800020c   0x0800020c   0x00000000   Code   RO         3483    .ARM.Collect$$rtentry$$00000002  c_w.l(__rtentry2.o)
    0x0800020c   0x0800020c   0x00000006   Code   RO         3495    .ARM.Collect$$rtentry$$00000004  c_w.l(__rtentry4.o)
    0x08000212   0x08000212   0x00000000   Code   RO         3485    .ARM.Collect$$rtentry$$00000009  c_w.l(__rtentry2.o)
    0x08000212   0x08000212   0x00000004   Code   RO         3486    .ARM.Collect$$rtentry$$0000000A  c_w.l(__rtentry2.o)
    0x08000216   0x08000216   0x00000000   Code   RO         3488    .ARM.Collect$$rtentry$$0000000C  c_w.l(__rtentry2.o)
    0x08000216   0x08000216   0x00000008   Code   RO         3489    .ARM.Collect$$rtentry$$0000000D  c_w.l(__rtentry2.o)
    0x0800021e   0x0800021e   0x00000002   Code   RO         3599    .ARM.Collect$$rtexit$$00000000  c_w.l(rtexit.o)
    0x08000220   0x08000220   0x00000000   Code   RO         3614    .ARM.Collect$$rtexit$$00000002  c_w.l(rtexit2.o)
    0x08000220   0x08000220   0x00000004   Code   RO         3615    .ARM.Collect$$rtexit$$00000003  c_w.l(rtexit2.o)
    0x08000224   0x08000224   0x00000006   Code   RO         3616    .ARM.Collect$$rtexit$$00000004  c_w.l(rtexit2.o)
    0x0800022a   0x0800022a   0x00000002   PAD
    0x0800022c   0x0800022c   0x0000003c   Code   RO         3061  * .text               startup_stm32f407xx.o
    0x08000268   0x08000268   0x00000002   Code   RO         3233    .text               c_w.l(use_no_semi.o)
    0x0800026a   0x0800026a   0x00000044   Code   RO         3235    .text               c_w.l(rt_memclr.o)
    0x080002ae   0x080002ae   0x00000006   Code   RO         3237    .text               c_w.l(heapauxi.o)
    0x080002b4   0x080002b4   0x00000024   Code   RO         3244    .text               c_w.l(init_aeabi.o)
    0x080002d8   0x080002d8   0x0000004e   Code   RO         3420    .text               c_w.l(rt_memclr_w.o)
    0x08000326   0x08000326   0x00000002   PAD
    0x08000328   0x08000328   0x00000008   Code   RO         3549    .text               c_w.l(libspace.o)
    0x08000330   0x08000330   0x0000004a   Code   RO         3552    .text               c_w.l(sys_stackheap_outer.o)
    0x0800037a   0x0800037a   0x00000012   Code   RO         3569    .text               c_w.l(exit.o)
    0x0800038c   0x0800038c   0x00000010   Code   RO         3068    i.SysTick_Handler   time_service.o
    0x0800039c   0x0800039c   0x00000064   Code   RO         2944    i.SystemInit        system_stm32f4xx.o
    0x08000400   0x08000400   0x00000010   Code   RO         2613    i.USART2_IRQHandler  uart_handle.o
    0x08000410   0x08000410   0x00000104   Code   RO         2419    i.USART_ClearITPendingBit  stm32f4xx_usart.o
    0x08000514   0x08000514   0x00000006   Code   RO         2614    i._Z13__get_PRIMASKv  uart_handle.o
    0x0800051a   0x0800051a   0x00000002   PAD
    0x0800051c   0x0800051c   0x0000006c   Code   RO         3069    i._ZN12time_service4initEv  time_service.o
    0x08000588   0x08000588   0x00000012   Code   RO         3072    i._ZN12time_service9startTimeEv  time_service.o
    0x0800059a   0x0800059a   0x00000106   Code   RO         2615    i._ZN4uart6Handle10irqHandlerEv  uart_handle.o
    0x080006a0   0x080006a0   0x00000012   Code   RO         2626    i._ZN4uart6Handle18disableTransmit485Ev  uart_handle.o
    0x080006b2   0x080006b2   0x00000002   PAD
    0x080006b4   0x080006b4   0x00000090   Code   RO         2639    i._ZN4uart6HandleC1Ev  uart_handle.o
    0x08000744   0x08000744   0x00000004   Code   RO         2810    i._ZN4uart6HandleD1Ev  uart_handle.o
    0x08000748   0x08000748   0x00000004   Code   RO         3130    i.__aeabi_atexit    retarget.o
    0x0800074c   0x0800074c   0x00000020   Code   RO         2640    i.__sti___15_uart_handle_cpp_934b4167  uart_handle.o
    0x0800076c   0x0800076c   0x00000004   Code   RO         3132    i._sys_exit         retarget.o
    0x08000770   0x08000770   0x0000000a   Code   RO         3134    i.assert_failed     retarget.o
    0x0800077a   0x0800077a   0x0000000e   Code   RO            4    i.main              main.o
    0x08000788   0x08000788   0x0000006c   Code   RO         2813    t._ZNV14CircularBufferIhLj255EE9writeHeadEh  uart_handle.o
    0x080007f4   0x080007f4   0x0000000a   Code   RO         3547    x$fpl$fpinit        fz_wm.l(fpinit.o)
    0x080007fe   0x080007fe   0x0000003d   Data   RO         3147    .constdata          retarget.o
    0x0800083b   0x0800083b   0x00000001   PAD
    0x0800083c   0x0800083c   0x00000050   Data   RO         2843    .constdata__ZTV11ISerialPort  uart_handle.o
    0x0800088c   0x0800088c   0x00000050   Data   RO         2802    .constdata__ZTVN4uart6HandleE  uart_handle.o
    0x080008dc   0x080008dc   0x00000020   Data   RO         3657    Region$$Table       anon$$obj.o
    0x080008fc   0x080008fc   0x00000004   Data   RO         2671    .init_array         uart_handle.o
    0x08000900   0x080008fc   0x00000000   Data   RO         3242    .init_array         c_w.l(init_aeabi.o)


    Execution Region ER_RW (Exec base: 0x20000000, Load base: 0x08000900, Size: 0x0000000c, Max: 0xffffffff, ABSOLUTE)

    Exec Addr    Load Addr    Size         Type   Attr      Idx    E Section Name        Object

    0x20000000   0x08000900   0x00000001   Data   RW         2670    .data               uart_handle.o
    0x20000001   0x08000901   0x00000003   PAD
    0x20000004   0x08000904   0x00000004   Data   RW         2946    .data               system_stm32f4xx.o
    0x20000008   0x08000908   0x00000004   Data   RW         3078    .data               time_service.o


    Execution Region ER_ZI (Exec base: 0x2000000c, Load base: 0x0800090c, Size: 0x000006a4, Max: 0xffffffff, ABSOLUTE)

    Exec Addr    Load Addr    Size         Type   Attr      Idx    E Section Name        Object

    0x2000000c        -       0x00000244   Zero   RW         2669    .bss                uart_handle.o
    0x20000250        -       0x00000060   Zero   RW         3550    .bss                c_w.l(libspace.o)
    0x200002b0        -       0x00000000   Zero   RW         3059    HEAP                startup_stm32f407xx.o
    0x200002b0        -       0x00000400   Zero   RW         3058    STACK               startup_stm32f407xx.o


==============================================================================

Image component sizes


      Code (inc. data)   RO Data    RW Data    ZI Data      Debug   Object Name

        14          0          0          0          0     247659   main.o
         0          0          0          0          0     241292   misc.o
        18          0         61          0          0       4413   retarget.o
        60         22        392          0       1024        892   startup_stm32f407xx.o
       260         72          0          0          0       7510   stm32f4xx_usart.o
       100         18          0          4          0       1355   system_stm32f4xx.o
       142         16          0          4          0      32613   time_service.o
       590         30        164          1        580      18827   uart_handle.o

    ----------------------------------------------------------------------
      1188        158        650         12       1604     554561   Object Totals
         0          0         32          0          0          0   (incl. Generated)
         4          0          1          3          0          0   (incl. Padding)

    ----------------------------------------------------------------------

      Code (inc. data)   RO Data    RW Data    ZI Data      Debug   Library Member Name

         8          0          0          0          0         68   __main.o
         0          0          0          0          0          0   __rtentry.o
        12          0          0          0          0          0   __rtentry2.o
         6          0          0          0          0          0   __rtentry4.o
        52          8          0          0          0          0   __scatter.o
        26          0          0          0          0          0   __scatter_copy.o
        28          0          0          0          0          0   __scatter_zi.o
        18          0          0          0          0         80   exit.o
         6          0          0          0          0        152   heapauxi.o
        36         10          0          0          0         80   init_aeabi.o
         2          0          0          0          0          0   libinit.o
        10          0          0          0          0          0   libinit2.o
         2          0          0          0          0          0   libshutdown.o
         2          0          0          0          0          0   libshutdown2.o
         8          4          0          0         96         68   libspace.o
        68          0          0          0          0         68   rt_memclr.o
        78          0          0          0          0         80   rt_memclr_w.o
         2          0          0          0          0          0   rtexit.o
        10          0          0          0          0          0   rtexit2.o
        74          0          0          0          0         80   sys_stackheap_outer.o
         2          0          0          0          0         68   use_no_semi.o
        10          0          0          0          0        116   fpinit.o

    ----------------------------------------------------------------------
       466         22          0          0         96        860   Library Totals
         6          0          0          0          0          0   (incl. Padding)

    ----------------------------------------------------------------------

      Code (inc. data)   RO Data    RW Data    ZI Data      Debug   Library Name

       450         22          0          0         96        744   c_w.l
        10          0          0          0          0        116   fz_wm.l

    ----------------------------------------------------------------------
       466         22          0          0         96        860   Library Totals

    ----------------------------------------------------------------------

==============================================================================


      Code (inc. data)   RO Data    RW Data    ZI Data      Debug   

      1654        180        650         12       1700     553961   Grand Totals
      1654        180        650         12       1700     553961   ELF Image Totals
      1654        180        650         12          0          0   ROM Totals

==============================================================================

    Total RO  Size (Code + RO Data)                 2304 (   2.25kB)
    Total RW  Size (RW Data + ZI Data)              1712 (   1.67kB)
    Total ROM Size (Code + RO Data + RW Data)       2316 (   2.26kB)

==============================================================================

